******************************************************************************
                  TI ARM Linker PC v18.12.4                    
******************************************************************************
>> Linked Mon Feb 24 10:18:36 2020

OUTPUT FILE NAME:   <AnalogReadTemp.out>
ENTRY POINT SYMBOL: "_c_int00_noargs"  address: 00003281


MEMORY CONFIGURATION

         name            origin    length      used     unused   attr    fill
----------------------  --------  ---------  --------  --------  ----  --------
  MAIN                  00000000   00040000  0000367d  0003c983  R  X
  INFO                  00200000   00004000  00000000  00004000  R  X
  SRAM_CODE             01000000   00010000  000009b8  0000f648  RW X
  SRAM_DATA             20000000   00010000  000009b8  0000f648  RW  


SEGMENT ALLOCATION MAP

run origin  load origin   length   init length attrs members
----------  ----------- ---------- ----------- ----- -------
00000000    00000000    00003680   00003680    r-x
  00000000    00000000    000000e4   000000e4    r-- .intvecs
  000000e4    000000e4    00003408   00003408    r-x .text
  000034ec    000034ec    00000101   00000101    r-- .const
  000035f0    000035f0    00000090   00000090    r-- .cinit
20000000    20000000    000007b8   00000000    rw-
  20000000    20000000    00000400   00000000    rw- .sysmem
  20000400    20000400    000001f0   00000000    rw- .data
  200005f0    200005f0    000001c8   00000000    rw- .bss
2000fe00    2000fe00    00000200   00000000    rw-
  2000fe00    2000fe00    00000200   00000000    rw- .stack


SECTION ALLOCATION MAP

 output                                  attributes/
section   page    origin      length       input sections
--------  ----  ----------  ----------   ----------------
.intvecs   0    00000000    000000e4     
                  00000000    000000e4     startup_msp432p401r_ccs.obj (.intvecs:retain)

.text      0    000000e4    00003408     
                  000000e4    00000a4e     rtsv7M4_T_le_v4SPD16_eabi.lib : _printfi.c.obj (.text:__TI_printfi)
                  00000b32    00000002                                   : _lock.c.obj (.text:_nop)
                  00000b34    00000618     main.obj (.text)
                  0000114c    00000334     system_msp432p401r.obj (.text)
                  00001480    00000270     rtsv7M4_T_le_v4SPD16_eabi.lib : _printfi.c.obj (.text:_pconv_a)
                  000016f0    000001d0                                   : _printfi.c.obj (.text:_pconv_g)
                  000018c0    000001b6                                   : fd_add_t2.asm.obj (.text)
                  00001a76    00000002                                   : div0.asm.obj (.text)
                  00001a78    0000013c                                   : _printfi.c.obj (.text:_pconv_e)
                  00001bb4    00000136                                   : fd_div_t2.asm.obj (.text)
                  00001cea    00000002     --HOLE-- [fill = 0]
                  00001cec    00000124                                   : _printfi.c.obj (.text:fcvt)
                  00001e10    00000118                                   : memory.c.obj (.text:aligned_alloc)
                  00001f28    00000114                                   : fputs.c.obj (.text:fputs)
                  0000203c    00000110                                   : s_scalbn.c.obj (.text:scalbn)
                  0000214c    000000fc                                   : fd_mul_t2.asm.obj (.text)
                  00002248    000000e4                                   : memory.c.obj (.text:free)
                  0000232c    000000dc                                   : setvbuf.c.obj (.text:setvbuf)
                  00002408    000000b1                                   : _printfi.c.obj (.text:_ltostr)
                  000024b9    00000001     --HOLE-- [fill = 0]
                  000024ba    0000009c                                   : memcpy_t2.asm.obj (.text)
                  00002556    00000096                                   : ull_div_t2.asm.obj (.text)
                  000025ec    0000008c                                   : fputc.c.obj (.text:fputc)
                  00002678    00000086                                   : fd_cmp_t2.asm.obj (.text:__aeabi_cdcmple)
                  000026fe    00000086                                   : fd_cmp_t2.asm.obj (.text:__aeabi_cdrcmple)
                  00002784    0000007a                                   : memset_t2.asm.obj (.text)
                  000027fe    00000002     --HOLE-- [fill = 0]
                  00002800    00000074                                   : fclose.c.obj (.text:__TI_closefile)
                  00002874    00000070                                   : memory.c.obj (.text:split)
                  000028e4    0000006e                                   : _printfi.c.obj (.text:_mcpy)
                  00002952    0000006e                                   : fd_tos_t2.asm.obj (.text)
                  000029c0    0000006c                                   : hostrename.c.obj (.text:HOSTrename)
                  00002a2c    00000068                                   : hostlseek.c.obj (.text:HOSTlseek)
                  00002a94    00000068                                   : copy_decompress_lzss.c.obj (.text:decompress:lzss:__TI_decompress_lzss)
                  00002afc    00000068                                   : printf.c.obj (.text:printf)
                  00002b64    00000064                                   : s_frexp.c.obj (.text:frexp)
                  00002bc8    00000064                                   : fseek.c.obj (.text:fseek)
                  00002c2c    00000062                                   : _io_perm.c.obj (.text:__TI_wrt_ok)
                  00002c8e    00000002     --HOLE-- [fill = 0]
                  00002c90    00000060                                   : hostopen.c.obj (.text:HOSTopen)
                  00002cf0    0000005c                                   : close.c.obj (.text:close)
                  00002d4c    00000058                                   : hostread.c.obj (.text:HOSTread)
                  00002da4    00000058                                   : hostwrite.c.obj (.text:HOSTwrite)
                  00002dfc    00000056                                   : _printfi.c.obj (.text:_pconv_f)
                  00002e52    00000054                                   : ltoa.c.obj (.text:ltoa)
                  00002ea6    00000052                                   : _printfi.c.obj (.text:_ecpy)
                  00002ef8    0000004c                                   : fflush.c.obj (.text:__TI_doflush)
                  00002f44    0000004c                                   : atoi.c.obj (.text:atoi)
                  00002f90    00000048                                   : exit.c.obj (.text:exit)
                  00002fd8    00000048                                   : fd_toi_t2.asm.obj (.text)
                  00003020    00000044                                   : hostclose.c.obj (.text:HOSTclose)
                  00003064    00000044                                   : hostunlink.c.obj (.text:HOSTunlink)
                  000030a8    00000044                                   : autoinit.c.obj (.text:__TI_auto_init_nobinit_nopinit:__TI_auto_init_nobinit_nopinit)
                  000030ec    00000044                                   : getdevice.c.obj (.text:getdevice)
                  00003130    0000003e                                   : _printfi.c.obj (.text:_fcpy)
                  0000316e    00000002     --HOLE-- [fill = 0]
                  00003170    00000038                                   : trgmsg.c.obj (.text:__TI_writemsg)
                  000031a8    00000038                                   : fs_tod_t2.asm.obj (.text)
                  000031e0    00000036                                   : strncpy.c.obj (.text:strncpy)
                  00003216    00000002     --HOLE-- [fill = 0]
                  00003218    00000034                                   : fopen.c.obj (.text:__TI_cleanup)
                  0000324c    00000034                                   : trgmsg.c.obj (.text:__TI_readmsg)
                  00003280    00000034                                   : boot_cortex_m.c.obj (.text:_c_int00_noargs:_c_int00_noargs)
                  000032b4    00000030                                   : getdevice.c.obj (.text:finddevice)
                  000032e4    0000002e                                   : i_tofd_t2.asm.obj (.text)
                  00003312    00000002     --HOLE-- [fill = 0]
                  00003314    0000002c                                   : unlink.c.obj (.text:unlink)
                  00003340    00000028                                   : memory.c.obj (.text:free_list_insert)
                  00003368    00000028                                   : lseek.c.obj (.text:lseek)
                  00003390    00000028                                   : write.c.obj (.text:write)
                  000033b8    00000020                                   : memchr.c.obj (.text:memchr)
                  000033d8    0000001c                                   : copy_zero_init.c.obj (.text:decompress:ZI:__TI_zero_init_nomemset:__TI_zero_init_nomemset)
                  000033f4    0000001c                                   : memory.c.obj (.text:free_list_remove)
                  00003410    0000001c                                   : memccpy.c.obj (.text:memccpy)
                  0000342c    0000001a                                   : s_copysign.c.obj (.text:copysign)
                  00003446    00000018                                   : strcmp.c.obj (.text:strcmp)
                  0000345e    00000016                                   : strchr.c.obj (.text:strchr)
                  00003474    00000014                                   : strcpy.c.obj (.text:strcpy)
                  00003488    00000014                                   : strlen.c.obj (.text:strlen)
                  0000349c    00000012                                   : wcslen.c.obj (.text:wcslen)
                  000034ae    0000000e                                   : copy_decompress_none.c.obj (.text:decompress:none:__TI_decompress_none)
                  000034bc    0000000e     startup_msp432p401r_ccs.obj (.text)
                  000034ca    00000002     --HOLE-- [fill = 0]
                  000034cc    00000008     rtsv7M4_T_le_v4SPD16_eabi.lib : errno.c.obj (.text:__aeabi_errno_addr)
                  000034d4    00000008                                   : memory.c.obj (.text:malloc)
                  000034dc    00000004                                   : printf.c.obj (.text:_outc)
                  000034e0    00000004                                   : printf.c.obj (.text:_outs)
                  000034e4    00000004                                   : pre_init.c.obj (.text:_system_pre_init)
                  000034e8    00000004                                   : exit.c.obj (.text:abort:abort)

.const     0    000034ec    00000101     
                  000034ec    00000101     rtsv7M4_T_le_v4SPD16_eabi.lib : ctype.c.obj (.const:.string:_ctypes_)

.cinit     0    000035f0    00000090     
                  000035f0    0000006c     (.cinit..data.load) [load image, compression = lzss]
                  0000365c    0000000c     (__TI_handler_table)
                  00003668    00000008     (.cinit..bss.load) [load image, compression = zero_init]
                  00003670    00000010     (__TI_cinit_table)

.init_array 
*          0    00000000    00000000     UNINITIALIZED

.binit     0    00000000    00000000     

.sysmem    0    20000000    00000400     UNINITIALIZED
                  20000000    00000010     rtsv7M4_T_le_v4SPD16_eabi.lib : memory.c.obj (.sysmem)
                  20000010    000003f0     --HOLE--

.data      0    20000400    000001f0     UNINITIALIZED
                  20000400    000000f0     rtsv7M4_T_le_v4SPD16_eabi.lib : defs.c.obj (.data:_ftable)
                  200004f0    00000078                                   : host_device.c.obj (.data:_device)
                  20000568    00000050                                   : host_device.c.obj (.data:_stream)
                  200005b8    00000010                                   : defs.c.obj (.data)
                  200005c8    0000000c                                   : exit.c.obj (.data:$O1$$)
                  200005d4    00000008                                   : _lock.c.obj (.data:$O1$$)
                  200005dc    00000008                                   : memory.c.obj (.data:$O1$$)
                  200005e4    00000004     main.obj (.data)
                  200005e8    00000004     rtsv7M4_T_le_v4SPD16_eabi.lib : errno.c.obj (.data)
                  200005ec    00000004     system_msp432p401r.obj (.data)

.bss       0    200005f0    000001c8     UNINITIALIZED
                  200005f0    00000120     rtsv7M4_T_le_v4SPD16_eabi.lib : trgmsg.c.obj (.bss:_CIOBUF_)
                  20000710    000000a0     (.common:__TI_tmpnams)
                  200007b0    00000008     (.common:parmbuf)

.stack     0    2000fe00    00000200     UNINITIALIZED
                  2000fe00    00000004     rtsv7M4_T_le_v4SPD16_eabi.lib : boot_cortex_m.c.obj (.stack)
                  2000fe04    000001fc     --HOLE--

MODULE SUMMARY

       Module                        code    ro data   rw data
       ------                        ----    -------   -------
    .\
       main.obj                      1560    0         8      
       system_msp432p401r.obj        820     0         8      
       startup_msp432p401r_ccs.obj   14      228       0      
    +--+-----------------------------+-------+---------+---------+
       Total:                        2394    228       16     
                                                              
    C:\ti\ccs920\ccs\tools\compiler\ti-cgt-arm_18.12.4.LTS\lib\rtsv7M4_T_le_v4SPD16_eabi.lib
       _printfi.c.obj                4851    0         0      
       defs.c.obj                    0       0         832    
       memory.c.obj                  696     0         16     
       trgmsg.c.obj                  108     0         576    
       fd_add_t2.asm.obj             438     0         0      
       host_device.c.obj             0       0         400    
       fd_div_t2.asm.obj             310     0         0      
       fputs.c.obj                   276     0         0      
       s_scalbn.c.obj                272     0         0      
       fd_cmp_t2.asm.obj             268     0         0      
       ctype.c.obj                   0       257       0      
       fd_mul_t2.asm.obj             252     0         0      
       setvbuf.c.obj                 220     0         0      
       memcpy_t2.asm.obj             156     0         0      
       ull_div_t2.asm.obj            150     0         0      
       fputc.c.obj                   140     0         0      
       memset_t2.asm.obj             122     0         0      
       fclose.c.obj                  116     0         0      
       getdevice.c.obj               116     0         0      
       hostopen.c.obj                96      0         16     
       printf.c.obj                  112     0         0      
       fd_tos_t2.asm.obj             110     0         0      
       hostrename.c.obj              108     0         0      
       copy_decompress_lzss.c.obj    104     0         0      
       hostlseek.c.obj               104     0         0      
       exit.c.obj                    76      0         24     
       fseek.c.obj                   100     0         0      
       s_frexp.c.obj                 100     0         0      
       _io_perm.c.obj                98      0         0      
       close.c.obj                   92      0         0      
       hostread.c.obj                88      0         0      
       hostwrite.c.obj               88      0         0      
       ltoa.c.obj                    84      0         0      
       atoi.c.obj                    76      0         0      
       fflush.c.obj                  76      0         0      
       fd_toi_t2.asm.obj             72      0         0      
       autoinit.c.obj                68      0         0      
       hostclose.c.obj               68      0         0      
       hostunlink.c.obj              68      0         0      
       fs_tod_t2.asm.obj             56      0         0      
       strncpy.c.obj                 54      0         0      
       boot_cortex_m.c.obj           52      0         0      
       fopen.c.obj                   52      0         0      
       i_tofd_t2.asm.obj             46      0         0      
       unlink.c.obj                  44      0         0      
       lseek.c.obj                   40      0         0      
       write.c.obj                   40      0         0      
       memchr.c.obj                  32      0         0      
       copy_zero_init.c.obj          28      0         0      
       memccpy.c.obj                 28      0         0      
       s_copysign.c.obj              26      0         0      
       strcmp.c.obj                  24      0         0      
       strchr.c.obj                  22      0         0      
       strcpy.c.obj                  20      0         0      
       strlen.c.obj                  20      0         0      
       _lock.c.obj                   2       0         16     
       wcslen.c.obj                  18      0         0      
       errno.c.obj                   8       0         8      
       copy_decompress_none.c.obj    14      0         0      
       pre_init.c.obj                4       0         0      
       div0.asm.obj                  2       0         0      
    +--+-----------------------------+-------+---------+---------+
       Total:                        10911   257       1888   
                                                              
       Heap:                         0       0         2048   
       Stack:                        0       0         1024   
       Linker Generated:             0       144       0      
    +--+-----------------------------+-------+---------+---------+
       Grand Total:                  13305   629       4976   


LINKER GENERATED COPY TABLES

__TI_cinit_table @ 00003670 records: 2, size/record: 8, table size: 16
	.data: load addr=000035f0, load size=0000006c bytes, run addr=20000400, run size=000001f0 bytes, compression=lzss
	.bss: load addr=00003668, load size=00000008 bytes, run addr=200005f0, run size=000001c8 bytes, compression=zero_init


LINKER GENERATED HANDLER TABLE

__TI_handler_table @ 0000365c records: 3, size/record: 4, table size: 12
	index: 0, handler: __TI_decompress_lzss
	index: 1, handler: __TI_decompress_none
	index: 2, handler: __TI_zero_init


GLOBAL SYMBOLS: SORTED ALPHABETICALLY BY Name 

address   name                           
-------   ----                           
000034c9  ADC14_IRQHandler               
000034c9  AES256_IRQHandler              
000034c9  BusFault_Handler               
000034e9  C$$EXIT                        
0000319f  C$$IO$$                        
000034c9  COMP_E0_IRQHandler             
000034c9  COMP_E1_IRQHandler             
000034c9  CS_IRQHandler                  
000034c9  DMA_ERR_IRQHandler             
000034c9  DMA_INT0_IRQHandler            
000034c9  DMA_INT1_IRQHandler            
000034c9  DMA_INT2_IRQHandler            
000034c9  DMA_INT3_IRQHandler            
000034c9  DebugMon_Handler               
000034c9  Default_Handler                
000034c9  EUSCIA0_IRQHandler             
000034c9  EUSCIA1_IRQHandler             
000034c9  EUSCIA2_IRQHandler             
000034c9  EUSCIA3_IRQHandler             
000034c9  EUSCIB0_IRQHandler             
000034c9  EUSCIB1_IRQHandler             
000034c9  EUSCIB2_IRQHandler             
000034c9  EUSCIB3_IRQHandler             
000034c9  FLCTL_IRQHandler               
000034c9  FPU_IRQHandler                 
00003021  HOSTclose                      
00002a2d  HOSTlseek                      
00002c91  HOSTopen                       
00002d4d  HOSTread                       
000029c1  HOSTrename                     
00003065  HOSTunlink                     
00002da5  HOSTwrite                      
000034c9  HardFault_Handler              
000034c9  MemManage_Handler              
000034c9  NMI_Handler                    
000034c9  PCM_IRQHandler                 
000034c9  PORT1_IRQHandler               
000034c9  PORT2_IRQHandler               
000034c9  PORT3_IRQHandler               
000034c9  PORT4_IRQHandler               
000034c9  PORT5_IRQHandler               
000034c9  PORT6_IRQHandler               
000034c9  PSS_IRQHandler                 
000034c9  PendSV_Handler                 
000034c9  RTC_C_IRQHandler               
000034bd  Reset_Handler                  
000034c9  SVC_Handler                    
000034c9  SysTick_Handler                
200005ec  SystemCoreClock                
0000114d  SystemCoreClockUpdate          
000013c5  SystemInit                     
00000bd1  T32_INT1_IRQHandler            
00000bd1  T32_INT1_IRQHandler            
000034c9  T32_INT2_IRQHandler            
000034c9  T32_INTC_IRQHandler            
000034c9  TA0_0_IRQHandler               
00000d0f  TA0_N_IRQHandler               
00000d0f  TA0_N_IRQHandler               
000034c9  TA1_0_IRQHandler               
000034c9  TA1_N_IRQHandler               
000034c9  TA2_0_IRQHandler               
000034c9  TA2_N_IRQHandler               
000034c9  TA3_0_IRQHandler               
000034c9  TA3_N_IRQHandler               
000034c9  UsageFault_Handler             
4000480c  WDTCTL_SYM                     
000034c9  WDT_A_IRQHandler               
200005f0  __CIOBUF_                      
20010000  __STACK_END                    
00000200  __STACK_SIZE                   
00000400  __SYSMEM_SIZE                  
00003670  __TI_CINIT_Base                
00003680  __TI_CINIT_Limit               
0000365c  __TI_Handler_Table_Base        
00003668  __TI_Handler_Table_Limit       
000030a9  __TI_auto_init_nobinit_nopinit 
00003219  __TI_cleanup                   
200005c8  __TI_cleanup_ptr               
00002801  __TI_closefile                 
00002a95  __TI_decompress_lzss           
000034af  __TI_decompress_none           
00002ef9  __TI_doflush                   
200005cc  __TI_dtors_ptr                 
200005d0  __TI_enable_exit_profile_output
200005b8  __TI_ft_end                    
ffffffff  __TI_pprof_out_hndl            
000000e5  __TI_printfi                   
ffffffff  __TI_prof_data_size            
ffffffff  __TI_prof_data_start           
0000324d  __TI_readmsg                   
00000000  __TI_static_base__             
20000710  __TI_tmpnams                   
00003171  __TI_writemsg                  
00002c2d  __TI_wrt_ok                    
000033d9  __TI_zero_init_nomemset        
00002679  __aeabi_cdcmpeq                
00002679  __aeabi_cdcmple                
000026ff  __aeabi_cdrcmple               
00002953  __aeabi_d2f                    
00002fd9  __aeabi_d2iz                   
000018cb  __aeabi_dadd                   
00001bb5  __aeabi_ddiv                   
0000214d  __aeabi_dmul                   
000018c1  __aeabi_dsub                   
000034cd  __aeabi_errno_addr             
000031a9  __aeabi_f2d                    
000032e5  __aeabi_i2d                    
00001a77  __aeabi_idiv0                  
00001a77  __aeabi_ldiv0                  
00002785  __aeabi_memclr                 
00002785  __aeabi_memclr4                
00002785  __aeabi_memclr8                
000024bb  __aeabi_memcpy                 
000024bb  __aeabi_memcpy4                
000024bb  __aeabi_memcpy8                
00002787  __aeabi_memset                 
00002787  __aeabi_memset4                
00002787  __aeabi_memset8                
200005c4  __aeabi_stderr                 
200005bc  __aeabi_stdin                  
200005c0  __aeabi_stdout                 
00002557  __aeabi_uldivmod               
ffffffff  __binit__                      
ffffffff  __c_args__                     
UNDEFED   __mpu_init                     
2000fe00  __stack                        
00003281  _c_int00_noargs                
000034ec  _ctypes_                       
200004f0  _device                        
20000400  _ftable                        
200005d4  _lock                          
00000b33  _nop                           
20000568  _stream                        
20000000  _sys_memory                    
UNDEFED   _system_post_cinit             
000034e5  _system_pre_init               
200005d8  _unlock                        
000034e9  abort                          
00001e11  aligned_alloc                  
00000e07  analogRead                     
00000be5  analogSetup                    
00000c83  analogWrite                    
00002f45  atoi                           
ffffffff  binit                          
00002cf1  close                          
0000342d  copysign                       
0000342d  copysignl                      
00000b81  delay                          
00000b35  delayMicroseconds              
200005e8  errno                          
00002f91  exit                           
000032b5  finddevice                     
000025ed  fputc                          
00001f29  fputs                          
00002249  free                           
00002b65  frexp                          
00002b65  frexpl                         
00002bc9  fseek                          
000030ed  getdevice                      
00000000  interruptVectors               
0000203d  ldexp                          
0000203d  ldexpl                         
00003369  lseek                          
00002e53  ltoa                           
00000e9d  main                           
000034d5  malloc                         
00001e11  memalign                       
00003411  memccpy                        
000033b9  memchr                         
000024bb  memcpy                         
0000278d  memset                         
200007b0  parmbuf                        
00002afd  printf                         
000025ed  putc                           
00003315  remove                         
0000203d  scalbn                         
0000203d  scalbnl                        
0000232d  setvbuf                        
0000345f  strchr                         
00003447  strcmp                         
00003475  strcpy                         
00003489  strlen                         
000031e1  strncpy                        
200005e4  ticks                          
00003315  unlink                         
0000349d  wcslen                         
00003391  write                          


GLOBAL SYMBOLS: SORTED BY Symbol Address 

address   name                           
-------   ----                           
00000000  __TI_static_base__             
00000000  interruptVectors               
000000e5  __TI_printfi                   
00000200  __STACK_SIZE                   
00000400  __SYSMEM_SIZE                  
00000b33  _nop                           
00000b35  delayMicroseconds              
00000b81  delay                          
00000bd1  T32_INT1_IRQHandler            
00000bd1  T32_INT1_IRQHandler            
00000be5  analogSetup                    
00000c83  analogWrite                    
00000d0f  TA0_N_IRQHandler               
00000d0f  TA0_N_IRQHandler               
00000e07  analogRead                     
00000e9d  main                           
0000114d  SystemCoreClockUpdate          
000013c5  SystemInit                     
000018c1  __aeabi_dsub                   
000018cb  __aeabi_dadd                   
00001a77  __aeabi_idiv0                  
00001a77  __aeabi_ldiv0                  
00001bb5  __aeabi_ddiv                   
00001e11  aligned_alloc                  
00001e11  memalign                       
00001f29  fputs                          
0000203d  ldexp                          
0000203d  ldexpl                         
0000203d  scalbn                         
0000203d  scalbnl                        
0000214d  __aeabi_dmul                   
00002249  free                           
0000232d  setvbuf                        
000024bb  __aeabi_memcpy                 
000024bb  __aeabi_memcpy4                
000024bb  __aeabi_memcpy8                
000024bb  memcpy                         
00002557  __aeabi_uldivmod               
000025ed  fputc                          
000025ed  putc                           
00002679  __aeabi_cdcmpeq                
00002679  __aeabi_cdcmple                
000026ff  __aeabi_cdrcmple               
00002785  __aeabi_memclr                 
00002785  __aeabi_memclr4                
00002785  __aeabi_memclr8                
00002787  __aeabi_memset                 
00002787  __aeabi_memset4                
00002787  __aeabi_memset8                
0000278d  memset                         
00002801  __TI_closefile                 
00002953  __aeabi_d2f                    
000029c1  HOSTrename                     
00002a2d  HOSTlseek                      
00002a95  __TI_decompress_lzss           
00002afd  printf                         
00002b65  frexp                          
00002b65  frexpl                         
00002bc9  fseek                          
00002c2d  __TI_wrt_ok                    
00002c91  HOSTopen                       
00002cf1  close                          
00002d4d  HOSTread                       
00002da5  HOSTwrite                      
00002e53  ltoa                           
00002ef9  __TI_doflush                   
00002f45  atoi                           
00002f91  exit                           
00002fd9  __aeabi_d2iz                   
00003021  HOSTclose                      
00003065  HOSTunlink                     
000030a9  __TI_auto_init_nobinit_nopinit 
000030ed  getdevice                      
00003171  __TI_writemsg                  
0000319f  C$$IO$$                        
000031a9  __aeabi_f2d                    
000031e1  strncpy                        
00003219  __TI_cleanup                   
0000324d  __TI_readmsg                   
00003281  _c_int00_noargs                
000032b5  finddevice                     
000032e5  __aeabi_i2d                    
00003315  remove                         
00003315  unlink                         
00003369  lseek                          
00003391  write                          
000033b9  memchr                         
000033d9  __TI_zero_init_nomemset        
00003411  memccpy                        
0000342d  copysign                       
0000342d  copysignl                      
00003447  strcmp                         
0000345f  strchr                         
00003475  strcpy                         
00003489  strlen                         
0000349d  wcslen                         
000034af  __TI_decompress_none           
000034bd  Reset_Handler                  
000034c9  ADC14_IRQHandler               
000034c9  AES256_IRQHandler              
000034c9  BusFault_Handler               
000034c9  COMP_E0_IRQHandler             
000034c9  COMP_E1_IRQHandler             
000034c9  CS_IRQHandler                  
000034c9  DMA_ERR_IRQHandler             
000034c9  DMA_INT0_IRQHandler            
000034c9  DMA_INT1_IRQHandler            
000034c9  DMA_INT2_IRQHandler            
000034c9  DMA_INT3_IRQHandler            
000034c9  DebugMon_Handler               
000034c9  Default_Handler                
000034c9  EUSCIA0_IRQHandler             
000034c9  EUSCIA1_IRQHandler             
000034c9  EUSCIA2_IRQHandler             
000034c9  EUSCIA3_IRQHandler             
000034c9  EUSCIB0_IRQHandler             
000034c9  EUSCIB1_IRQHandler             
000034c9  EUSCIB2_IRQHandler             
000034c9  EUSCIB3_IRQHandler             
000034c9  FLCTL_IRQHandler               
000034c9  FPU_IRQHandler                 
000034c9  HardFault_Handler              
000034c9  MemManage_Handler              
000034c9  NMI_Handler                    
000034c9  PCM_IRQHandler                 
000034c9  PORT1_IRQHandler               
000034c9  PORT2_IRQHandler               
000034c9  PORT3_IRQHandler               
000034c9  PORT4_IRQHandler               
000034c9  PORT5_IRQHandler               
000034c9  PORT6_IRQHandler               
000034c9  PSS_IRQHandler                 
000034c9  PendSV_Handler                 
000034c9  RTC_C_IRQHandler               
000034c9  SVC_Handler                    
000034c9  SysTick_Handler                
000034c9  T32_INT2_IRQHandler            
000034c9  T32_INTC_IRQHandler            
000034c9  TA0_0_IRQHandler               
000034c9  TA1_0_IRQHandler               
000034c9  TA1_N_IRQHandler               
000034c9  TA2_0_IRQHandler               
000034c9  TA2_N_IRQHandler               
000034c9  TA3_0_IRQHandler               
000034c9  TA3_N_IRQHandler               
000034c9  UsageFault_Handler             
000034c9  WDT_A_IRQHandler               
000034cd  __aeabi_errno_addr             
000034d5  malloc                         
000034e5  _system_pre_init               
000034e9  C$$EXIT                        
000034e9  abort                          
000034ec  _ctypes_                       
0000365c  __TI_Handler_Table_Base        
00003668  __TI_Handler_Table_Limit       
00003670  __TI_CINIT_Base                
00003680  __TI_CINIT_Limit               
20000000  _sys_memory                    
20000400  _ftable                        
200004f0  _device                        
20000568  _stream                        
200005b8  __TI_ft_end                    
200005bc  __aeabi_stdin                  
200005c0  __aeabi_stdout                 
200005c4  __aeabi_stderr                 
200005c8  __TI_cleanup_ptr               
200005cc  __TI_dtors_ptr                 
200005d0  __TI_enable_exit_profile_output
200005d4  _lock                          
200005d8  _unlock                        
200005e4  ticks                          
200005e8  errno                          
200005ec  SystemCoreClock                
200005f0  __CIOBUF_                      
20000710  __TI_tmpnams                   
200007b0  parmbuf                        
2000fe00  __stack                        
20010000  __STACK_END                    
4000480c  WDTCTL_SYM                     
ffffffff  __TI_pprof_out_hndl            
ffffffff  __TI_prof_data_size            
ffffffff  __TI_prof_data_start           
ffffffff  __binit__                      
ffffffff  __c_args__                     
ffffffff  binit                          
UNDEFED   __mpu_init                     
UNDEFED   _system_post_cinit             

[187 symbols]
