<?xml version="1.0" encoding="ISO-8859-1" ?>
<link_info>
   <banner>TI ARM Linker PC v18.12.4.LTS</banner>
   <copyright>Copyright (c) 1996-2018 Texas Instruments Incorporated</copyright>
   <link_time>0x5e53f75c</link_time>
   <link_errors>0x0</link_errors>
   <output_file>AnalogReadTemp.out</output_file>
   <entry_point>
      <name>_c_int00_noargs</name>
      <address>0x3281</address>
   </entry_point>
   <input_file_list>
      <input_file id="fl-2">
         <path>.\</path>
         <kind>object</kind>
         <file>main.obj</file>
         <name>main.obj</name>
      </input_file>
      <input_file id="fl-3">
         <path>.\</path>
         <kind>object</kind>
         <file>startup_msp432p401r_ccs.obj</file>
         <name>startup_msp432p401r_ccs.obj</name>
      </input_file>
      <input_file id="fl-4">
         <path>.\</path>
         <kind>object</kind>
         <file>system_msp432p401r.obj</file>
         <name>system_msp432p401r.obj</name>
      </input_file>
      <input_file id="fl-8">
         <kind>object</kind>
         <file>&lt;internal&gt;</file>
         <name>&lt;internal&gt;</name>
      </input_file>
      <input_file id="fl-be">
         <path>C:\ti\ccs920\ccs\tools\compiler\ti-cgt-arm_18.12.4.LTS\lib\</path>
         <kind>archive</kind>
         <file>rtsv7M4_T_le_v4SPD16_eabi.lib</file>
         <name>printf.c.obj</name>
      </input_file>
      <input_file id="fl-bf">
         <path>C:\ti\ccs920\ccs\tools\compiler\ti-cgt-arm_18.12.4.LTS\lib\</path>
         <kind>archive</kind>
         <file>rtsv7M4_T_le_v4SPD16_eabi.lib</file>
         <name>_printfi.c.obj</name>
      </input_file>
      <input_file id="fl-c0">
         <path>C:\ti\ccs920\ccs\tools\compiler\ti-cgt-arm_18.12.4.LTS\lib\</path>
         <kind>archive</kind>
         <file>rtsv7M4_T_le_v4SPD16_eabi.lib</file>
         <name>fputc.c.obj</name>
      </input_file>
      <input_file id="fl-c1">
         <path>C:\ti\ccs920\ccs\tools\compiler\ti-cgt-arm_18.12.4.LTS\lib\</path>
         <kind>archive</kind>
         <file>rtsv7M4_T_le_v4SPD16_eabi.lib</file>
         <name>fputs.c.obj</name>
      </input_file>
      <input_file id="fl-c2">
         <path>C:\ti\ccs920\ccs\tools\compiler\ti-cgt-arm_18.12.4.LTS\lib\</path>
         <kind>archive</kind>
         <file>rtsv7M4_T_le_v4SPD16_eabi.lib</file>
         <name>_io_perm.c.obj</name>
      </input_file>
      <input_file id="fl-c3">
         <path>C:\ti\ccs920\ccs\tools\compiler\ti-cgt-arm_18.12.4.LTS\lib\</path>
         <kind>archive</kind>
         <file>rtsv7M4_T_le_v4SPD16_eabi.lib</file>
         <name>setvbuf.c.obj</name>
      </input_file>
      <input_file id="fl-c4">
         <path>C:\ti\ccs920\ccs\tools\compiler\ti-cgt-arm_18.12.4.LTS\lib\</path>
         <kind>archive</kind>
         <file>rtsv7M4_T_le_v4SPD16_eabi.lib</file>
         <name>fd_add_t2.asm.obj</name>
      </input_file>
      <input_file id="fl-c5">
         <path>C:\ti\ccs920\ccs\tools\compiler\ti-cgt-arm_18.12.4.LTS\lib\</path>
         <kind>archive</kind>
         <file>rtsv7M4_T_le_v4SPD16_eabi.lib</file>
         <name>fd_cmp_t2.asm.obj</name>
      </input_file>
      <input_file id="fl-c6">
         <path>C:\ti\ccs920\ccs\tools\compiler\ti-cgt-arm_18.12.4.LTS\lib\</path>
         <kind>archive</kind>
         <file>rtsv7M4_T_le_v4SPD16_eabi.lib</file>
         <name>fd_div_t2.asm.obj</name>
      </input_file>
      <input_file id="fl-c7">
         <path>C:\ti\ccs920\ccs\tools\compiler\ti-cgt-arm_18.12.4.LTS\lib\</path>
         <kind>archive</kind>
         <file>rtsv7M4_T_le_v4SPD16_eabi.lib</file>
         <name>fd_mul_t2.asm.obj</name>
      </input_file>
      <input_file id="fl-c8">
         <path>C:\ti\ccs920\ccs\tools\compiler\ti-cgt-arm_18.12.4.LTS\lib\</path>
         <kind>archive</kind>
         <file>rtsv7M4_T_le_v4SPD16_eabi.lib</file>
         <name>fd_toi_t2.asm.obj</name>
      </input_file>
      <input_file id="fl-c9">
         <path>C:\ti\ccs920\ccs\tools\compiler\ti-cgt-arm_18.12.4.LTS\lib\</path>
         <kind>archive</kind>
         <file>rtsv7M4_T_le_v4SPD16_eabi.lib</file>
         <name>fd_tos_t2.asm.obj</name>
      </input_file>
      <input_file id="fl-ca">
         <path>C:\ti\ccs920\ccs\tools\compiler\ti-cgt-arm_18.12.4.LTS\lib\</path>
         <kind>archive</kind>
         <file>rtsv7M4_T_le_v4SPD16_eabi.lib</file>
         <name>fs_tod_t2.asm.obj</name>
      </input_file>
      <input_file id="fl-cb">
         <path>C:\ti\ccs920\ccs\tools\compiler\ti-cgt-arm_18.12.4.LTS\lib\</path>
         <kind>archive</kind>
         <file>rtsv7M4_T_le_v4SPD16_eabi.lib</file>
         <name>i_tofd_t2.asm.obj</name>
      </input_file>
      <input_file id="fl-cc">
         <path>C:\ti\ccs920\ccs\tools\compiler\ti-cgt-arm_18.12.4.LTS\lib\</path>
         <kind>archive</kind>
         <file>rtsv7M4_T_le_v4SPD16_eabi.lib</file>
         <name>memcpy_t2.asm.obj</name>
      </input_file>
      <input_file id="fl-cd">
         <path>C:\ti\ccs920\ccs\tools\compiler\ti-cgt-arm_18.12.4.LTS\lib\</path>
         <kind>archive</kind>
         <file>rtsv7M4_T_le_v4SPD16_eabi.lib</file>
         <name>ull_div_t2.asm.obj</name>
      </input_file>
      <input_file id="fl-ce">
         <path>C:\ti\ccs920\ccs\tools\compiler\ti-cgt-arm_18.12.4.LTS\lib\</path>
         <kind>archive</kind>
         <file>rtsv7M4_T_le_v4SPD16_eabi.lib</file>
         <name>memset_t2.asm.obj</name>
      </input_file>
      <input_file id="fl-cf">
         <path>C:\ti\ccs920\ccs\tools\compiler\ti-cgt-arm_18.12.4.LTS\lib\</path>
         <kind>archive</kind>
         <file>rtsv7M4_T_le_v4SPD16_eabi.lib</file>
         <name>copy_zero_init.c.obj</name>
      </input_file>
      <input_file id="fl-d0">
         <path>C:\ti\ccs920\ccs\tools\compiler\ti-cgt-arm_18.12.4.LTS\lib\</path>
         <kind>archive</kind>
         <file>rtsv7M4_T_le_v4SPD16_eabi.lib</file>
         <name>copy_decompress_none.c.obj</name>
      </input_file>
      <input_file id="fl-d1">
         <path>C:\ti\ccs920\ccs\tools\compiler\ti-cgt-arm_18.12.4.LTS\lib\</path>
         <kind>archive</kind>
         <file>rtsv7M4_T_le_v4SPD16_eabi.lib</file>
         <name>copy_decompress_lzss.c.obj</name>
      </input_file>
      <input_file id="fl-d2">
         <path>C:\ti\ccs920\ccs\tools\compiler\ti-cgt-arm_18.12.4.LTS\lib\</path>
         <kind>archive</kind>
         <file>rtsv7M4_T_le_v4SPD16_eabi.lib</file>
         <name>exit.c.obj</name>
      </input_file>
      <input_file id="fl-d3">
         <path>C:\ti\ccs920\ccs\tools\compiler\ti-cgt-arm_18.12.4.LTS\lib\</path>
         <kind>archive</kind>
         <file>rtsv7M4_T_le_v4SPD16_eabi.lib</file>
         <name>_lock.c.obj</name>
      </input_file>
      <input_file id="fl-d4">
         <path>C:\ti\ccs920\ccs\tools\compiler\ti-cgt-arm_18.12.4.LTS\lib\</path>
         <kind>archive</kind>
         <file>rtsv7M4_T_le_v4SPD16_eabi.lib</file>
         <name>atoi.c.obj</name>
      </input_file>
      <input_file id="fl-d5">
         <path>C:\ti\ccs920\ccs\tools\compiler\ti-cgt-arm_18.12.4.LTS\lib\</path>
         <kind>archive</kind>
         <file>rtsv7M4_T_le_v4SPD16_eabi.lib</file>
         <name>ctype.c.obj</name>
      </input_file>
      <input_file id="fl-d6">
         <path>C:\ti\ccs920\ccs\tools\compiler\ti-cgt-arm_18.12.4.LTS\lib\</path>
         <kind>archive</kind>
         <file>rtsv7M4_T_le_v4SPD16_eabi.lib</file>
         <name>defs.c.obj</name>
      </input_file>
      <input_file id="fl-d7">
         <path>C:\ti\ccs920\ccs\tools\compiler\ti-cgt-arm_18.12.4.LTS\lib\</path>
         <kind>archive</kind>
         <file>rtsv7M4_T_le_v4SPD16_eabi.lib</file>
         <name>ltoa.c.obj</name>
      </input_file>
      <input_file id="fl-d8">
         <path>C:\ti\ccs920\ccs\tools\compiler\ti-cgt-arm_18.12.4.LTS\lib\</path>
         <kind>archive</kind>
         <file>rtsv7M4_T_le_v4SPD16_eabi.lib</file>
         <name>memccpy.c.obj</name>
      </input_file>
      <input_file id="fl-d9">
         <path>C:\ti\ccs920\ccs\tools\compiler\ti-cgt-arm_18.12.4.LTS\lib\</path>
         <kind>archive</kind>
         <file>rtsv7M4_T_le_v4SPD16_eabi.lib</file>
         <name>memchr.c.obj</name>
      </input_file>
      <input_file id="fl-da">
         <path>C:\ti\ccs920\ccs\tools\compiler\ti-cgt-arm_18.12.4.LTS\lib\</path>
         <kind>archive</kind>
         <file>rtsv7M4_T_le_v4SPD16_eabi.lib</file>
         <name>memory.c.obj</name>
      </input_file>
      <input_file id="fl-db">
         <path>C:\ti\ccs920\ccs\tools\compiler\ti-cgt-arm_18.12.4.LTS\lib\</path>
         <kind>archive</kind>
         <file>rtsv7M4_T_le_v4SPD16_eabi.lib</file>
         <name>strchr.c.obj</name>
      </input_file>
      <input_file id="fl-dc">
         <path>C:\ti\ccs920\ccs\tools\compiler\ti-cgt-arm_18.12.4.LTS\lib\</path>
         <kind>archive</kind>
         <file>rtsv7M4_T_le_v4SPD16_eabi.lib</file>
         <name>strlen.c.obj</name>
      </input_file>
      <input_file id="fl-dd">
         <path>C:\ti\ccs920\ccs\tools\compiler\ti-cgt-arm_18.12.4.LTS\lib\</path>
         <kind>archive</kind>
         <file>rtsv7M4_T_le_v4SPD16_eabi.lib</file>
         <name>write.c.obj</name>
      </input_file>
      <input_file id="fl-de">
         <path>C:\ti\ccs920\ccs\tools\compiler\ti-cgt-arm_18.12.4.LTS\lib\</path>
         <kind>archive</kind>
         <file>rtsv7M4_T_le_v4SPD16_eabi.lib</file>
         <name>host_device.c.obj</name>
      </input_file>
      <input_file id="fl-df">
         <path>C:\ti\ccs920\ccs\tools\compiler\ti-cgt-arm_18.12.4.LTS\lib\</path>
         <kind>archive</kind>
         <file>rtsv7M4_T_le_v4SPD16_eabi.lib</file>
         <name>boot_cortex_m.c.obj</name>
      </input_file>
      <input_file id="fl-e0">
         <path>C:\ti\ccs920\ccs\tools\compiler\ti-cgt-arm_18.12.4.LTS\lib\</path>
         <kind>archive</kind>
         <file>rtsv7M4_T_le_v4SPD16_eabi.lib</file>
         <name>errno.c.obj</name>
      </input_file>
      <input_file id="fl-e1">
         <path>C:\ti\ccs920\ccs\tools\compiler\ti-cgt-arm_18.12.4.LTS\lib\</path>
         <kind>archive</kind>
         <file>rtsv7M4_T_le_v4SPD16_eabi.lib</file>
         <name>wcslen.c.obj</name>
      </input_file>
      <input_file id="fl-e2">
         <path>C:\ti\ccs920\ccs\tools\compiler\ti-cgt-arm_18.12.4.LTS\lib\</path>
         <kind>archive</kind>
         <file>rtsv7M4_T_le_v4SPD16_eabi.lib</file>
         <name>s_frexp.c.obj</name>
      </input_file>
      <input_file id="fl-e3">
         <path>C:\ti\ccs920\ccs\tools\compiler\ti-cgt-arm_18.12.4.LTS\lib\</path>
         <kind>archive</kind>
         <file>rtsv7M4_T_le_v4SPD16_eabi.lib</file>
         <name>s_scalbn.c.obj</name>
      </input_file>
      <input_file id="fl-e4">
         <path>C:\ti\ccs920\ccs\tools\compiler\ti-cgt-arm_18.12.4.LTS\lib\</path>
         <kind>archive</kind>
         <file>rtsv7M4_T_le_v4SPD16_eabi.lib</file>
         <name>fflush.c.obj</name>
      </input_file>
      <input_file id="fl-e5">
         <path>C:\ti\ccs920\ccs\tools\compiler\ti-cgt-arm_18.12.4.LTS\lib\</path>
         <kind>archive</kind>
         <file>rtsv7M4_T_le_v4SPD16_eabi.lib</file>
         <name>fopen.c.obj</name>
      </input_file>
      <input_file id="fl-e6">
         <path>C:\ti\ccs920\ccs\tools\compiler\ti-cgt-arm_18.12.4.LTS\lib\</path>
         <kind>archive</kind>
         <file>rtsv7M4_T_le_v4SPD16_eabi.lib</file>
         <name>fseek.c.obj</name>
      </input_file>
      <input_file id="fl-e7">
         <path>C:\ti\ccs920\ccs\tools\compiler\ti-cgt-arm_18.12.4.LTS\lib\</path>
         <kind>archive</kind>
         <file>rtsv7M4_T_le_v4SPD16_eabi.lib</file>
         <name>div0.asm.obj</name>
      </input_file>
      <input_file id="fl-e8">
         <path>C:\ti\ccs920\ccs\tools\compiler\ti-cgt-arm_18.12.4.LTS\lib\</path>
         <kind>archive</kind>
         <file>rtsv7M4_T_le_v4SPD16_eabi.lib</file>
         <name>autoinit.c.obj</name>
      </input_file>
      <input_file id="fl-e9">
         <path>C:\ti\ccs920\ccs\tools\compiler\ti-cgt-arm_18.12.4.LTS\lib\</path>
         <kind>archive</kind>
         <file>rtsv7M4_T_le_v4SPD16_eabi.lib</file>
         <name>pre_init.c.obj</name>
      </input_file>
      <input_file id="fl-ea">
         <path>C:\ti\ccs920\ccs\tools\compiler\ti-cgt-arm_18.12.4.LTS\lib\</path>
         <kind>archive</kind>
         <file>rtsv7M4_T_le_v4SPD16_eabi.lib</file>
         <name>cpy_tbl.c.obj</name>
      </input_file>
      <input_file id="fl-eb">
         <path>C:\ti\ccs920\ccs\tools\compiler\ti-cgt-arm_18.12.4.LTS\lib\</path>
         <kind>archive</kind>
         <file>rtsv7M4_T_le_v4SPD16_eabi.lib</file>
         <name>args_main.c.obj</name>
      </input_file>
      <input_file id="fl-ec">
         <path>C:\ti\ccs920\ccs\tools\compiler\ti-cgt-arm_18.12.4.LTS\lib\</path>
         <kind>archive</kind>
         <file>rtsv7M4_T_le_v4SPD16_eabi.lib</file>
         <name>hostclose.c.obj</name>
      </input_file>
      <input_file id="fl-ed">
         <path>C:\ti\ccs920\ccs\tools\compiler\ti-cgt-arm_18.12.4.LTS\lib\</path>
         <kind>archive</kind>
         <file>rtsv7M4_T_le_v4SPD16_eabi.lib</file>
         <name>hostlseek.c.obj</name>
      </input_file>
      <input_file id="fl-ee">
         <path>C:\ti\ccs920\ccs\tools\compiler\ti-cgt-arm_18.12.4.LTS\lib\</path>
         <kind>archive</kind>
         <file>rtsv7M4_T_le_v4SPD16_eabi.lib</file>
         <name>hostopen.c.obj</name>
      </input_file>
      <input_file id="fl-ef">
         <path>C:\ti\ccs920\ccs\tools\compiler\ti-cgt-arm_18.12.4.LTS\lib\</path>
         <kind>archive</kind>
         <file>rtsv7M4_T_le_v4SPD16_eabi.lib</file>
         <name>hostread.c.obj</name>
      </input_file>
      <input_file id="fl-f0">
         <path>C:\ti\ccs920\ccs\tools\compiler\ti-cgt-arm_18.12.4.LTS\lib\</path>
         <kind>archive</kind>
         <file>rtsv7M4_T_le_v4SPD16_eabi.lib</file>
         <name>hostrename.c.obj</name>
      </input_file>
      <input_file id="fl-f1">
         <path>C:\ti\ccs920\ccs\tools\compiler\ti-cgt-arm_18.12.4.LTS\lib\</path>
         <kind>archive</kind>
         <file>rtsv7M4_T_le_v4SPD16_eabi.lib</file>
         <name>hostunlink.c.obj</name>
      </input_file>
      <input_file id="fl-f2">
         <path>C:\ti\ccs920\ccs\tools\compiler\ti-cgt-arm_18.12.4.LTS\lib\</path>
         <kind>archive</kind>
         <file>rtsv7M4_T_le_v4SPD16_eabi.lib</file>
         <name>hostwrite.c.obj</name>
      </input_file>
      <input_file id="fl-f3">
         <path>C:\ti\ccs920\ccs\tools\compiler\ti-cgt-arm_18.12.4.LTS\lib\</path>
         <kind>archive</kind>
         <file>rtsv7M4_T_le_v4SPD16_eabi.lib</file>
         <name>trgmsg.c.obj</name>
      </input_file>
      <input_file id="fl-f4">
         <path>C:\ti\ccs920\ccs\tools\compiler\ti-cgt-arm_18.12.4.LTS\lib\</path>
         <kind>archive</kind>
         <file>rtsv7M4_T_le_v4SPD16_eabi.lib</file>
         <name>open.c.obj</name>
      </input_file>
      <input_file id="fl-f5">
         <path>C:\ti\ccs920\ccs\tools\compiler\ti-cgt-arm_18.12.4.LTS\lib\</path>
         <kind>archive</kind>
         <file>rtsv7M4_T_le_v4SPD16_eabi.lib</file>
         <name>lseek.c.obj</name>
      </input_file>
      <input_file id="fl-f6">
         <path>C:\ti\ccs920\ccs\tools\compiler\ti-cgt-arm_18.12.4.LTS\lib\</path>
         <kind>archive</kind>
         <file>rtsv7M4_T_le_v4SPD16_eabi.lib</file>
         <name>s_copysign.c.obj</name>
      </input_file>
      <input_file id="fl-f7">
         <path>C:\ti\ccs920\ccs\tools\compiler\ti-cgt-arm_18.12.4.LTS\lib\</path>
         <kind>archive</kind>
         <file>rtsv7M4_T_le_v4SPD16_eabi.lib</file>
         <name>fclose.c.obj</name>
      </input_file>
      <input_file id="fl-f8">
         <path>C:\ti\ccs920\ccs\tools\compiler\ti-cgt-arm_18.12.4.LTS\lib\</path>
         <kind>archive</kind>
         <file>rtsv7M4_T_le_v4SPD16_eabi.lib</file>
         <name>getdevice.c.obj</name>
      </input_file>
      <input_file id="fl-f9">
         <path>C:\ti\ccs920\ccs\tools\compiler\ti-cgt-arm_18.12.4.LTS\lib\</path>
         <kind>archive</kind>
         <file>rtsv7M4_T_le_v4SPD16_eabi.lib</file>
         <name>strcmp.c.obj</name>
      </input_file>
      <input_file id="fl-fa">
         <path>C:\ti\ccs920\ccs\tools\compiler\ti-cgt-arm_18.12.4.LTS\lib\</path>
         <kind>archive</kind>
         <file>rtsv7M4_T_le_v4SPD16_eabi.lib</file>
         <name>strcpy.c.obj</name>
      </input_file>
      <input_file id="fl-fb">
         <path>C:\ti\ccs920\ccs\tools\compiler\ti-cgt-arm_18.12.4.LTS\lib\</path>
         <kind>archive</kind>
         <file>rtsv7M4_T_le_v4SPD16_eabi.lib</file>
         <name>strncpy.c.obj</name>
      </input_file>
      <input_file id="fl-fc">
         <path>C:\ti\ccs920\ccs\tools\compiler\ti-cgt-arm_18.12.4.LTS\lib\</path>
         <kind>archive</kind>
         <file>rtsv7M4_T_le_v4SPD16_eabi.lib</file>
         <name>remove.c.obj</name>
      </input_file>
      <input_file id="fl-fd">
         <path>C:\ti\ccs920\ccs\tools\compiler\ti-cgt-arm_18.12.4.LTS\lib\</path>
         <kind>archive</kind>
         <file>rtsv7M4_T_le_v4SPD16_eabi.lib</file>
         <name>close.c.obj</name>
      </input_file>
      <input_file id="fl-fe">
         <path>C:\ti\ccs920\ccs\tools\compiler\ti-cgt-arm_18.12.4.LTS\lib\</path>
         <kind>archive</kind>
         <file>rtsv7M4_T_le_v4SPD16_eabi.lib</file>
         <name>unlink.c.obj</name>
      </input_file>
   </input_file_list>
   <object_component_list>
      <object_component id="oc-23">
         <name>.intvecs:retain</name>
         <load_address>0x0</load_address>
         <run_address>0x0</run_address>
         <size>0xe4</size>
         <input_file_ref idref="fl-3"/>
      </object_component>
      <object_component id="oc-156">
         <name>.text:__TI_printfi</name>
         <load_address>0xe4</load_address>
         <run_address>0xe4</run_address>
         <size>0xa4e</size>
         <input_file_ref idref="fl-bf"/>
      </object_component>
      <object_component id="oc-1f3">
         <name>.text:_nop</name>
         <load_address>0xb32</load_address>
         <run_address>0xb32</run_address>
         <size>0x2</size>
         <input_file_ref idref="fl-d3"/>
      </object_component>
      <object_component id="oc-6d">
         <name>.text</name>
         <load_address>0xb34</load_address>
         <run_address>0xb34</run_address>
         <size>0x618</size>
         <input_file_ref idref="fl-2"/>
      </object_component>
      <object_component id="oc-a9">
         <name>.text</name>
         <load_address>0x114c</load_address>
         <run_address>0x114c</run_address>
         <size>0x334</size>
         <input_file_ref idref="fl-4"/>
      </object_component>
      <object_component id="oc-1cf">
         <name>.text:_pconv_a</name>
         <load_address>0x1480</load_address>
         <run_address>0x1480</run_address>
         <size>0x270</size>
         <input_file_ref idref="fl-bf"/>
      </object_component>
      <object_component id="oc-1bd">
         <name>.text:_pconv_g</name>
         <load_address>0x16f0</load_address>
         <run_address>0x16f0</run_address>
         <size>0x1d0</size>
         <input_file_ref idref="fl-bf"/>
      </object_component>
      <object_component id="oc-bf">
         <name>.text</name>
         <load_address>0x18c0</load_address>
         <run_address>0x18c0</run_address>
         <size>0x1b6</size>
         <input_file_ref idref="fl-c4"/>
      </object_component>
      <object_component id="oc-2c2">
         <name>.text</name>
         <load_address>0x1a76</load_address>
         <run_address>0x1a76</run_address>
         <size>0x2</size>
         <input_file_ref idref="fl-e7"/>
      </object_component>
      <object_component id="oc-1c9">
         <name>.text:_pconv_e</name>
         <load_address>0x1a78</load_address>
         <run_address>0x1a78</run_address>
         <size>0x13c</size>
         <input_file_ref idref="fl-bf"/>
      </object_component>
      <object_component id="oc-cc">
         <name>.text</name>
         <load_address>0x1bb4</load_address>
         <run_address>0x1bb4</run_address>
         <size>0x136</size>
         <input_file_ref idref="fl-c6"/>
      </object_component>
      <object_component id="oc-24e">
         <name>.text:fcvt</name>
         <load_address>0x1cec</load_address>
         <run_address>0x1cec</run_address>
         <size>0x124</size>
         <input_file_ref idref="fl-bf"/>
      </object_component>
      <object_component id="oc-367">
         <name>.text:aligned_alloc</name>
         <load_address>0x1e10</load_address>
         <run_address>0x1e10</run_address>
         <size>0x118</size>
         <input_file_ref idref="fl-da"/>
      </object_component>
      <object_component id="oc-201">
         <name>.text:fputs</name>
         <load_address>0x1f28</load_address>
         <run_address>0x1f28</run_address>
         <size>0x114</size>
         <input_file_ref idref="fl-c1"/>
      </object_component>
      <object_component id="oc-262">
         <name>.text:scalbn</name>
         <load_address>0x203c</load_address>
         <run_address>0x203c</run_address>
         <size>0x110</size>
         <input_file_ref idref="fl-e3"/>
      </object_component>
      <object_component id="oc-b5">
         <name>.text</name>
         <load_address>0x214c</load_address>
         <run_address>0x214c</run_address>
         <size>0xfc</size>
         <input_file_ref idref="fl-c7"/>
      </object_component>
      <object_component id="oc-325">
         <name>.text:free</name>
         <load_address>0x2248</load_address>
         <run_address>0x2248</run_address>
         <size>0xe4</size>
         <input_file_ref idref="fl-da"/>
      </object_component>
      <object_component id="oc-2f7">
         <name>.text:setvbuf</name>
         <load_address>0x232c</load_address>
         <run_address>0x232c</run_address>
         <size>0xdc</size>
         <input_file_ref idref="fl-c3"/>
      </object_component>
      <object_component id="oc-1b2">
         <name>.text:_ltostr</name>
         <load_address>0x2408</load_address>
         <run_address>0x2408</run_address>
         <size>0xb1</size>
         <input_file_ref idref="fl-bf"/>
      </object_component>
      <object_component id="oc-37">
         <name>.text</name>
         <load_address>0x24ba</load_address>
         <run_address>0x24ba</run_address>
         <size>0x9c</size>
         <input_file_ref idref="fl-cc"/>
      </object_component>
      <object_component id="oc-234">
         <name>.text</name>
         <load_address>0x2556</load_address>
         <run_address>0x2556</run_address>
         <size>0x96</size>
         <input_file_ref idref="fl-cd"/>
      </object_component>
      <object_component id="oc-208">
         <name>.text:fputc</name>
         <load_address>0x25ec</load_address>
         <run_address>0x25ec</run_address>
         <size>0x8c</size>
         <input_file_ref idref="fl-c0"/>
      </object_component>
      <object_component id="oc-1b8">
         <name>.text:__aeabi_cdcmple</name>
         <load_address>0x2678</load_address>
         <run_address>0x2678</run_address>
         <size>0x86</size>
         <input_file_ref idref="fl-c5"/>
      </object_component>
      <object_component id="oc-b0">
         <name>.text:__aeabi_cdrcmple</name>
         <load_address>0x26fe</load_address>
         <run_address>0x26fe</run_address>
         <size>0x86</size>
         <input_file_ref idref="fl-c5"/>
      </object_component>
      <object_component id="oc-91">
         <name>.text</name>
         <load_address>0x2784</load_address>
         <run_address>0x2784</run_address>
         <size>0x7a</size>
         <input_file_ref idref="fl-ce"/>
      </object_component>
      <object_component id="oc-36e">
         <name>.text:__TI_closefile</name>
         <load_address>0x2800</load_address>
         <run_address>0x2800</run_address>
         <size>0x74</size>
         <input_file_ref idref="fl-f7"/>
      </object_component>
      <object_component id="oc-3af">
         <name>.text:split</name>
         <load_address>0x2874</load_address>
         <run_address>0x2874</run_address>
         <size>0x70</size>
         <input_file_ref idref="fl-da"/>
      </object_component>
      <object_component id="oc-247">
         <name>.text:_mcpy</name>
         <load_address>0x28e4</load_address>
         <run_address>0x28e4</run_address>
         <size>0x6e</size>
         <input_file_ref idref="fl-bf"/>
      </object_component>
      <object_component id="oc-d1">
         <name>.text</name>
         <load_address>0x2952</load_address>
         <run_address>0x2952</run_address>
         <size>0x6e</size>
         <input_file_ref idref="fl-c9"/>
      </object_component>
      <object_component id="oc-39e">
         <name>.text:HOSTrename</name>
         <load_address>0x29c0</load_address>
         <run_address>0x29c0</run_address>
         <size>0x6c</size>
         <input_file_ref idref="fl-f0"/>
      </object_component>
      <object_component id="oc-392">
         <name>.text:HOSTlseek</name>
         <load_address>0x2a2c</load_address>
         <run_address>0x2a2c</run_address>
         <size>0x68</size>
         <input_file_ref idref="fl-ed"/>
      </object_component>
      <object_component id="oc-14">
         <name>.text:decompress:lzss:__TI_decompress_lzss</name>
         <load_address>0x2a94</load_address>
         <run_address>0x2a94</run_address>
         <size>0x68</size>
         <input_file_ref idref="fl-d1"/>
      </object_component>
      <object_component id="oc-d6">
         <name>.text:printf</name>
         <load_address>0x2afc</load_address>
         <run_address>0x2afc</run_address>
         <size>0x68</size>
         <input_file_ref idref="fl-be"/>
      </object_component>
      <object_component id="oc-25c">
         <name>.text:frexp</name>
         <load_address>0x2b64</load_address>
         <run_address>0x2b64</run_address>
         <size>0x64</size>
         <input_file_ref idref="fl-e2"/>
      </object_component>
      <object_component id="oc-2f1">
         <name>.text:fseek</name>
         <load_address>0x2bc8</load_address>
         <run_address>0x2bc8</run_address>
         <size>0x64</size>
         <input_file_ref idref="fl-e6"/>
      </object_component>
      <object_component id="oc-293">
         <name>.text:__TI_wrt_ok</name>
         <load_address>0x2c2c</load_address>
         <run_address>0x2c2c</run_address>
         <size>0x62</size>
         <input_file_ref idref="fl-c2"/>
      </object_component>
      <object_component id="oc-37a">
         <name>.text:HOSTopen</name>
         <load_address>0x2c90</load_address>
         <run_address>0x2c90</run_address>
         <size>0x60</size>
         <input_file_ref idref="fl-ee"/>
      </object_component>
      <object_component id="oc-3b6">
         <name>.text:close</name>
         <load_address>0x2cf0</load_address>
         <run_address>0x2cf0</run_address>
         <size>0x5c</size>
         <input_file_ref idref="fl-fd"/>
      </object_component>
      <object_component id="oc-386">
         <name>.text:HOSTread</name>
         <load_address>0x2d4c</load_address>
         <run_address>0x2d4c</run_address>
         <size>0x58</size>
         <input_file_ref idref="fl-ef"/>
      </object_component>
      <object_component id="oc-38c">
         <name>.text:HOSTwrite</name>
         <load_address>0x2da4</load_address>
         <run_address>0x2da4</run_address>
         <size>0x58</size>
         <input_file_ref idref="fl-f2"/>
      </object_component>
      <object_component id="oc-1c3">
         <name>.text:_pconv_f</name>
         <load_address>0x2dfc</load_address>
         <run_address>0x2dfc</run_address>
         <size>0x56</size>
         <input_file_ref idref="fl-bf"/>
      </object_component>
      <object_component id="oc-23b">
         <name>.text:ltoa</name>
         <load_address>0x2e52</load_address>
         <run_address>0x2e52</run_address>
         <size>0x54</size>
         <input_file_ref idref="fl-d7"/>
      </object_component>
      <object_component id="oc-241">
         <name>.text:_ecpy</name>
         <load_address>0x2ea6</load_address>
         <run_address>0x2ea6</run_address>
         <size>0x52</size>
         <input_file_ref idref="fl-bf"/>
      </object_component>
      <object_component id="oc-29f">
         <name>.text:__TI_doflush</name>
         <load_address>0x2ef8</load_address>
         <run_address>0x2ef8</run_address>
         <size>0x4c</size>
         <input_file_ref idref="fl-e4"/>
      </object_component>
      <object_component id="oc-1ac">
         <name>.text:atoi</name>
         <load_address>0x2f44</load_address>
         <run_address>0x2f44</run_address>
         <size>0x4c</size>
         <input_file_ref idref="fl-d4"/>
      </object_component>
      <object_component id="oc-110">
         <name>.text:exit</name>
         <load_address>0x2f90</load_address>
         <run_address>0x2f90</run_address>
         <size>0x48</size>
         <input_file_ref idref="fl-d2"/>
      </object_component>
      <object_component id="oc-ba">
         <name>.text</name>
         <load_address>0x2fd8</load_address>
         <run_address>0x2fd8</run_address>
         <size>0x48</size>
         <input_file_ref idref="fl-c8"/>
      </object_component>
      <object_component id="oc-380">
         <name>.text:HOSTclose</name>
         <load_address>0x3020</load_address>
         <run_address>0x3020</run_address>
         <size>0x44</size>
         <input_file_ref idref="fl-ec"/>
      </object_component>
      <object_component id="oc-398">
         <name>.text:HOSTunlink</name>
         <load_address>0x3064</load_address>
         <run_address>0x3064</run_address>
         <size>0x44</size>
         <input_file_ref idref="fl-f1"/>
      </object_component>
      <object_component id="oc-116">
         <name>.text:__TI_auto_init_nobinit_nopinit:__TI_auto_init_nobinit_nopinit</name>
         <load_address>0x30a8</load_address>
         <run_address>0x30a8</run_address>
         <size>0x44</size>
         <input_file_ref idref="fl-e8"/>
      </object_component>
      <object_component id="oc-3ee">
         <name>.text:getdevice</name>
         <load_address>0x30ec</load_address>
         <run_address>0x30ec</run_address>
         <size>0x44</size>
         <input_file_ref idref="fl-f8"/>
      </object_component>
      <object_component id="oc-254">
         <name>.text:_fcpy</name>
         <load_address>0x3130</load_address>
         <run_address>0x3130</run_address>
         <size>0x3e</size>
         <input_file_ref idref="fl-bf"/>
      </object_component>
      <object_component id="oc-3c7">
         <name>.text:__TI_writemsg</name>
         <load_address>0x3170</load_address>
         <run_address>0x3170</run_address>
         <size>0x38</size>
         <input_file_ref idref="fl-f3"/>
      </object_component>
      <object_component id="oc-c7">
         <name>.text</name>
         <load_address>0x31a8</load_address>
         <run_address>0x31a8</run_address>
         <size>0x38</size>
         <input_file_ref idref="fl-ca"/>
      </object_component>
      <object_component id="oc-410">
         <name>.text:strncpy</name>
         <load_address>0x31e0</load_address>
         <run_address>0x31e0</run_address>
         <size>0x36</size>
         <input_file_ref idref="fl-fb"/>
      </object_component>
      <object_component id="oc-331">
         <name>.text:__TI_cleanup</name>
         <load_address>0x3218</load_address>
         <run_address>0x3218</run_address>
         <size>0x34</size>
         <input_file_ref idref="fl-e5"/>
      </object_component>
      <object_component id="oc-3cd">
         <name>.text:__TI_readmsg</name>
         <load_address>0x324c</load_address>
         <run_address>0x324c</run_address>
         <size>0x34</size>
         <input_file_ref idref="fl-f3"/>
      </object_component>
      <object_component id="oc-55">
         <name>.text:_c_int00_noargs:_c_int00_noargs</name>
         <load_address>0x3280</load_address>
         <run_address>0x3280</run_address>
         <size>0x34</size>
         <input_file_ref idref="fl-df"/>
      </object_component>
      <object_component id="oc-416">
         <name>.text:finddevice</name>
         <load_address>0x32b4</load_address>
         <run_address>0x32b4</run_address>
         <size>0x30</size>
         <input_file_ref idref="fl-f8"/>
      </object_component>
      <object_component id="oc-dc">
         <name>.text</name>
         <load_address>0x32e4</load_address>
         <run_address>0x32e4</run_address>
         <size>0x2e</size>
         <input_file_ref idref="fl-cb"/>
      </object_component>
      <object_component id="oc-3bc">
         <name>.text:unlink</name>
         <load_address>0x3314</load_address>
         <run_address>0x3314</run_address>
         <size>0x2c</size>
         <input_file_ref idref="fl-fe"/>
      </object_component>
      <object_component id="oc-360">
         <name>.text:free_list_insert</name>
         <load_address>0x3340</load_address>
         <run_address>0x3340</run_address>
         <size>0x28</size>
         <input_file_ref idref="fl-da"/>
      </object_component>
      <object_component id="oc-31d">
         <name>.text:lseek</name>
         <load_address>0x3368</load_address>
         <run_address>0x3368</run_address>
         <size>0x28</size>
         <input_file_ref idref="fl-f5"/>
      </object_component>
      <object_component id="oc-2a5">
         <name>.text:write</name>
         <load_address>0x3390</load_address>
         <run_address>0x3390</run_address>
         <size>0x28</size>
         <input_file_ref idref="fl-dd"/>
      </object_component>
      <object_component id="oc-299">
         <name>.text:memchr</name>
         <load_address>0x33b8</load_address>
         <run_address>0x33b8</run_address>
         <size>0x20</size>
         <input_file_ref idref="fl-d9"/>
      </object_component>
      <object_component id="oc-43">
         <name>.text:decompress:ZI:__TI_zero_init_nomemset:__TI_zero_init_nomemset</name>
         <load_address>0x33d8</load_address>
         <run_address>0x33d8</run_address>
         <size>0x1c</size>
         <input_file_ref idref="fl-cf"/>
      </object_component>
      <object_component id="oc-35a">
         <name>.text:free_list_remove</name>
         <load_address>0x33f4</load_address>
         <run_address>0x33f4</run_address>
         <size>0x1c</size>
         <input_file_ref idref="fl-da"/>
      </object_component>
      <object_component id="oc-1d5">
         <name>.text:memccpy</name>
         <load_address>0x3410</load_address>
         <run_address>0x3410</run_address>
         <size>0x1c</size>
         <input_file_ref idref="fl-d8"/>
      </object_component>
      <object_component id="oc-2d5">
         <name>.text:copysign</name>
         <load_address>0x342c</load_address>
         <run_address>0x342c</run_address>
         <size>0x1a</size>
         <input_file_ref idref="fl-f6"/>
      </object_component>
      <object_component id="oc-42d">
         <name>.text:strcmp</name>
         <load_address>0x3446</load_address>
         <run_address>0x3446</run_address>
         <size>0x18</size>
         <input_file_ref idref="fl-f9"/>
      </object_component>
      <object_component id="oc-268">
         <name>.text:strchr</name>
         <load_address>0x345e</load_address>
         <run_address>0x345e</run_address>
         <size>0x16</size>
         <input_file_ref idref="fl-db"/>
      </object_component>
      <object_component id="oc-3e1">
         <name>.text:strcpy</name>
         <load_address>0x3474</load_address>
         <run_address>0x3474</run_address>
         <size>0x14</size>
         <input_file_ref idref="fl-fa"/>
      </object_component>
      <object_component id="oc-1a6">
         <name>.text:strlen</name>
         <load_address>0x3488</load_address>
         <run_address>0x3488</run_address>
         <size>0x14</size>
         <input_file_ref idref="fl-dc"/>
      </object_component>
      <object_component id="oc-1db">
         <name>.text:wcslen</name>
         <load_address>0x349c</load_address>
         <run_address>0x349c</run_address>
         <size>0x12</size>
         <input_file_ref idref="fl-e1"/>
      </object_component>
      <object_component id="oc-1a">
         <name>.text:decompress:none:__TI_decompress_none</name>
         <load_address>0x34ae</load_address>
         <run_address>0x34ae</run_address>
         <size>0xe</size>
         <input_file_ref idref="fl-d0"/>
      </object_component>
      <object_component id="oc-67">
         <name>.text</name>
         <load_address>0x34bc</load_address>
         <run_address>0x34bc</run_address>
         <size>0xe</size>
         <input_file_ref idref="fl-3"/>
      </object_component>
      <object_component id="oc-1e1">
         <name>.text:__aeabi_errno_addr</name>
         <load_address>0x34cc</load_address>
         <run_address>0x34cc</run_address>
         <size>0x8</size>
         <input_file_ref idref="fl-e0"/>
      </object_component>
      <object_component id="oc-32b">
         <name>.text:malloc</name>
         <load_address>0x34d4</load_address>
         <run_address>0x34d4</run_address>
         <size>0x8</size>
         <input_file_ref idref="fl-da"/>
      </object_component>
      <object_component id="oc-168">
         <name>.text:_outc</name>
         <load_address>0x34dc</load_address>
         <run_address>0x34dc</run_address>
         <size>0x4</size>
         <input_file_ref idref="fl-be"/>
      </object_component>
      <object_component id="oc-162">
         <name>.text:_outs</name>
         <load_address>0x34e0</load_address>
         <run_address>0x34e0</run_address>
         <size>0x4</size>
         <input_file_ref idref="fl-be"/>
      </object_component>
      <object_component id="oc-97">
         <name>.text:_system_pre_init</name>
         <load_address>0x34e4</load_address>
         <run_address>0x34e4</run_address>
         <size>0x4</size>
         <input_file_ref idref="fl-e9"/>
      </object_component>
      <object_component id="oc-10a">
         <name>.text:abort:abort</name>
         <load_address>0x34e8</load_address>
         <run_address>0x34e8</run_address>
         <size>0x4</size>
         <input_file_ref idref="fl-d2"/>
      </object_component>
      <object_component id="oc-22f">
         <name>.const:.string:_ctypes_</name>
         <load_address>0x34ec</load_address>
         <run_address>0x34ec</run_address>
         <size>0x101</size>
         <input_file_ref idref="fl-d5"/>
      </object_component>
      <object_component id="oc-46b">
         <name>.cinit..data.load</name>
         <load_address>0x35f0</load_address>
         <run_address>0x35f0</run_address>
         <size>0x6c</size>
      </object_component>
      <object_component id="oc-469">
         <name>__TI_handler_table</name>
         <load_address>0x365c</load_address>
         <run_address>0x365c</run_address>
         <size>0xc</size>
      </object_component>
      <object_component id="oc-46c">
         <name>.cinit..bss.load</name>
         <load_address>0x3668</load_address>
         <run_address>0x3668</run_address>
         <size>0x8</size>
      </object_component>
      <object_component id="oc-46a">
         <name>__TI_cinit_table</name>
         <load_address>0x3670</load_address>
         <run_address>0x3670</run_address>
         <size>0x10</size>
      </object_component>
      <object_component id="oc-43e">
         <name>.binit</name>
         <load_address>0x0</load_address>
         <run_address>0x0</run_address>
         <size>0x0</size>
      </object_component>
      <object_component id="oc-c4">
         <name>.data</name>
         <load_address>0x200005e4</load_address>
         <run_address>0x200005e4</run_address>
         <size>0x4</size>
         <input_file_ref idref="fl-2"/>
      </object_component>
      <object_component id="oc-148">
         <name>.data</name>
         <load_address>0x200005ec</load_address>
         <run_address>0x200005ec</run_address>
         <size>0x4</size>
         <input_file_ref idref="fl-4"/>
      </object_component>
      <object_component id="oc-17c">
         <name>.data:$O1$$</name>
         <load_address>0x200005c8</load_address>
         <run_address>0x200005c8</run_address>
         <size>0xc</size>
         <input_file_ref idref="fl-d2"/>
      </object_component>
      <object_component id="oc-15c">
         <name>.data:$O1$$</name>
         <load_address>0x200005d4</load_address>
         <run_address>0x200005d4</run_address>
         <size>0x8</size>
         <input_file_ref idref="fl-d3"/>
      </object_component>
      <object_component id="oc-15f">
         <name>.data:_ftable</name>
         <load_address>0x20000400</load_address>
         <run_address>0x20000400</run_address>
         <size>0xf0</size>
         <input_file_ref idref="fl-d6"/>
      </object_component>
      <object_component id="oc-374">
         <name>.data</name>
         <load_address>0x200005b8</load_address>
         <run_address>0x200005b8</run_address>
         <size>0x10</size>
         <input_file_ref idref="fl-d6"/>
      </object_component>
      <object_component id="oc-3aa">
         <name>.data:$O1$$</name>
         <load_address>0x200005dc</load_address>
         <run_address>0x200005dc</run_address>
         <size>0x8</size>
         <input_file_ref idref="fl-da"/>
      </object_component>
      <object_component id="oc-344">
         <name>.data:_device</name>
         <load_address>0x200004f0</load_address>
         <run_address>0x200004f0</run_address>
         <size>0x78</size>
         <input_file_ref idref="fl-de"/>
      </object_component>
      <object_component id="oc-303">
         <name>.data:_stream</name>
         <load_address>0x20000568</load_address>
         <run_address>0x20000568</run_address>
         <size>0x50</size>
         <input_file_ref idref="fl-de"/>
      </object_component>
      <object_component id="oc-278">
         <name>.data</name>
         <load_address>0x200005e8</load_address>
         <run_address>0x200005e8</run_address>
         <size>0x4</size>
         <input_file_ref idref="fl-e0"/>
      </object_component>
      <object_component id="oc-3f8">
         <name>.bss:_CIOBUF_</name>
         <uninitialized>true</uninitialized>
         <run_address>0x200005f0</run_address>
         <size>0x120</size>
         <input_file_ref idref="fl-f3"/>
      </object_component>
      <object_component id="oc-3c2">
         <name>.common:__TI_tmpnams</name>
         <uninitialized>true</uninitialized>
         <run_address>0x20000710</run_address>
         <size>0xa0</size>
      </object_component>
      <object_component id="oc-3d3">
         <name>.common:parmbuf</name>
         <uninitialized>true</uninitialized>
         <run_address>0x200007b0</run_address>
         <size>0x8</size>
      </object_component>
      <object_component id="oc-26">
         <name>.sysmem</name>
         <uninitialized>true</uninitialized>
         <run_address>0x20000000</run_address>
         <size>0x10</size>
         <input_file_ref idref="fl-da"/>
      </object_component>
      <object_component id="oc-46e">
         <name>.sysmem</name>
         <uninitialized>true</uninitialized>
         <run_address>0x20000000</run_address>
         <size>0x0</size>
      </object_component>
      <object_component id="oc-29">
         <name>.stack</name>
         <uninitialized>true</uninitialized>
         <run_address>0x2000fe00</run_address>
         <size>0x4</size>
         <input_file_ref idref="fl-df"/>
      </object_component>
      <object_component id="oc-46d">
         <name>.stack</name>
         <uninitialized>true</uninitialized>
         <run_address>0x2000fe00</run_address>
         <size>0x0</size>
      </object_component>
      <object_component id="oc-152">
         <name>.debug_info</name>
         <load_address>0x0</load_address>
         <run_address>0x0</run_address>
         <size>0x570</size>
         <input_file_ref idref="fl-2"/>
      </object_component>
      <object_component id="oc-c5">
         <name>.debug_info</name>
         <load_address>0x570</load_address>
         <run_address>0x570</run_address>
         <size>0xda</size>
         <input_file_ref idref="fl-2"/>
      </object_component>
      <object_component id="oc-70">
         <name>.debug_info</name>
         <load_address>0x64a</load_address>
         <run_address>0x64a</run_address>
         <size>0x771</size>
         <input_file_ref idref="fl-2"/>
      </object_component>
      <object_component id="oc-19c">
         <name>.debug_info</name>
         <load_address>0xdbb</load_address>
         <run_address>0xdbb</run_address>
         <size>0x37e2</size>
         <input_file_ref idref="fl-2"/>
      </object_component>
      <object_component id="oc-1a1">
         <name>.debug_info</name>
         <load_address>0x459d</load_address>
         <run_address>0x459d</run_address>
         <size>0x1055</size>
         <input_file_ref idref="fl-2"/>
      </object_component>
      <object_component id="oc-e9">
         <name>.debug_info</name>
         <load_address>0x55f2</load_address>
         <run_address>0x55f2</run_address>
         <size>0x26b</size>
         <input_file_ref idref="fl-2"/>
      </object_component>
      <object_component id="oc-32">
         <name>.debug_info</name>
         <load_address>0x585d</load_address>
         <run_address>0x585d</run_address>
         <size>0x84</size>
         <input_file_ref idref="fl-2"/>
      </object_component>
      <object_component id="oc-176">
         <name>.debug_info</name>
         <load_address>0x58e1</load_address>
         <run_address>0x58e1</run_address>
         <size>0x297</size>
         <input_file_ref idref="fl-2"/>
      </object_component>
      <object_component id="oc-e2">
         <name>.debug_info</name>
         <load_address>0x5b78</load_address>
         <run_address>0x5b78</run_address>
         <size>0xbb</size>
         <input_file_ref idref="fl-2"/>
      </object_component>
      <object_component id="oc-170">
         <name>.debug_info</name>
         <load_address>0x5c33</load_address>
         <run_address>0x5c33</run_address>
         <size>0x2c</size>
         <input_file_ref idref="fl-2"/>
      </object_component>
      <object_component id="oc-75">
         <name>.debug_info</name>
         <load_address>0x5c5f</load_address>
         <run_address>0x5c5f</run_address>
         <size>0x2d7</size>
         <input_file_ref idref="fl-3"/>
      </object_component>
      <object_component id="oc-24">
         <name>.debug_info</name>
         <load_address>0x5f36</load_address>
         <run_address>0x5f36</run_address>
         <size>0x103</size>
         <input_file_ref idref="fl-3"/>
      </object_component>
      <object_component id="oc-68">
         <name>.debug_info</name>
         <load_address>0x6039</load_address>
         <run_address>0x6039</run_address>
         <size>0x1ca</size>
         <input_file_ref idref="fl-3"/>
      </object_component>
      <object_component id="oc-149">
         <name>.debug_info</name>
         <load_address>0x6203</load_address>
         <run_address>0x6203</run_address>
         <size>0xfc</size>
         <input_file_ref idref="fl-4"/>
      </object_component>
      <object_component id="oc-ad">
         <name>.debug_info</name>
         <load_address>0x62ff</load_address>
         <run_address>0x62ff</run_address>
         <size>0x26e</size>
         <input_file_ref idref="fl-4"/>
      </object_component>
      <object_component id="oc-16f">
         <name>.debug_info</name>
         <load_address>0x656d</load_address>
         <run_address>0x656d</run_address>
         <size>0x3e4</size>
         <input_file_ref idref="fl-be"/>
      </object_component>
      <object_component id="oc-16a">
         <name>.debug_info</name>
         <load_address>0x6951</load_address>
         <run_address>0x6951</run_address>
         <size>0x156</size>
         <input_file_ref idref="fl-be"/>
      </object_component>
      <object_component id="oc-166">
         <name>.debug_info</name>
         <load_address>0x6aa7</load_address>
         <run_address>0x6aa7</run_address>
         <size>0x165</size>
         <input_file_ref idref="fl-be"/>
      </object_component>
      <object_component id="oc-da">
         <name>.debug_info</name>
         <load_address>0x6c0c</load_address>
         <run_address>0x6c0c</run_address>
         <size>0x1ab</size>
         <input_file_ref idref="fl-be"/>
      </object_component>
      <object_component id="oc-211">
         <name>.debug_info</name>
         <load_address>0x6db7</load_address>
         <run_address>0x6db7</run_address>
         <size>0xb2</size>
         <input_file_ref idref="fl-be"/>
      </object_component>
      <object_component id="oc-1e8">
         <name>.debug_info</name>
         <load_address>0x6e69</load_address>
         <run_address>0x6e69</run_address>
         <size>0x57a</size>
         <input_file_ref idref="fl-bf"/>
      </object_component>
      <object_component id="oc-1b4">
         <name>.debug_info</name>
         <load_address>0x73e3</load_address>
         <run_address>0x73e3</run_address>
         <size>0x21d</size>
         <input_file_ref idref="fl-bf"/>
      </object_component>
      <object_component id="oc-242">
         <name>.debug_info</name>
         <load_address>0x7600</load_address>
         <run_address>0x7600</run_address>
         <size>0x1b2</size>
         <input_file_ref idref="fl-bf"/>
      </object_component>
      <object_component id="oc-249">
         <name>.debug_info</name>
         <load_address>0x77b2</load_address>
         <run_address>0x77b2</run_address>
         <size>0x21a</size>
         <input_file_ref idref="fl-bf"/>
      </object_component>
      <object_component id="oc-1bf">
         <name>.debug_info</name>
         <load_address>0x79cc</load_address>
         <run_address>0x79cc</run_address>
         <size>0x3ba</size>
         <input_file_ref idref="fl-bf"/>
      </object_component>
      <object_component id="oc-250">
         <name>.debug_info</name>
         <load_address>0x7d86</load_address>
         <run_address>0x7d86</run_address>
         <size>0x304</size>
         <input_file_ref idref="fl-bf"/>
      </object_component>
      <object_component id="oc-255">
         <name>.debug_info</name>
         <load_address>0x808a</load_address>
         <run_address>0x808a</run_address>
         <size>0x214</size>
         <input_file_ref idref="fl-bf"/>
      </object_component>
      <object_component id="oc-1c4">
         <name>.debug_info</name>
         <load_address>0x829e</load_address>
         <run_address>0x829e</run_address>
         <size>0x214</size>
         <input_file_ref idref="fl-bf"/>
      </object_component>
      <object_component id="oc-1ca">
         <name>.debug_info</name>
         <load_address>0x84b2</load_address>
         <run_address>0x84b2</run_address>
         <size>0x303</size>
         <input_file_ref idref="fl-bf"/>
      </object_component>
      <object_component id="oc-1d1">
         <name>.debug_info</name>
         <load_address>0x87b5</load_address>
         <run_address>0x87b5</run_address>
         <size>0x4af</size>
         <input_file_ref idref="fl-bf"/>
      </object_component>
      <object_component id="oc-157">
         <name>.debug_info</name>
         <load_address>0x8c64</load_address>
         <run_address>0x8c64</run_address>
         <size>0x5f3</size>
         <input_file_ref idref="fl-bf"/>
      </object_component>
      <object_component id="oc-1e9">
         <name>.debug_info</name>
         <load_address>0x9257</load_address>
         <run_address>0x9257</run_address>
         <size>0x86</size>
         <input_file_ref idref="fl-bf"/>
      </object_component>
      <object_component id="oc-284">
         <name>.debug_info</name>
         <load_address>0x92dd</load_address>
         <run_address>0x92dd</run_address>
         <size>0x39</size>
         <input_file_ref idref="fl-bf"/>
      </object_component>
      <object_component id="oc-2ec">
         <name>.debug_info</name>
         <load_address>0x9316</load_address>
         <run_address>0x9316</run_address>
         <size>0xb6</size>
         <input_file_ref idref="fl-bf"/>
      </object_component>
      <object_component id="oc-289">
         <name>.debug_info</name>
         <load_address>0x93cc</load_address>
         <run_address>0x93cc</run_address>
         <size>0x46</size>
         <input_file_ref idref="fl-bf"/>
      </object_component>
      <object_component id="oc-1ee">
         <name>.debug_info</name>
         <load_address>0x9412</load_address>
         <run_address>0x9412</run_address>
         <size>0x46</size>
         <input_file_ref idref="fl-bf"/>
      </object_component>
      <object_component id="oc-27f">
         <name>.debug_info</name>
         <load_address>0x9458</load_address>
         <run_address>0x9458</run_address>
         <size>0x2c</size>
         <input_file_ref idref="fl-bf"/>
      </object_component>
      <object_component id="oc-2ae">
         <name>.debug_info</name>
         <load_address>0x9484</load_address>
         <run_address>0x9484</run_address>
         <size>0x382</size>
         <input_file_ref idref="fl-c0"/>
      </object_component>
      <object_component id="oc-20c">
         <name>.debug_info</name>
         <load_address>0x9806</load_address>
         <run_address>0x9806</run_address>
         <size>0x1e9</size>
         <input_file_ref idref="fl-c0"/>
      </object_component>
      <object_component id="oc-2ac">
         <name>.debug_info</name>
         <load_address>0x99ef</load_address>
         <run_address>0x99ef</run_address>
         <size>0x3fb</size>
         <input_file_ref idref="fl-c1"/>
      </object_component>
      <object_component id="oc-204">
         <name>.debug_info</name>
         <load_address>0x9dea</load_address>
         <run_address>0x9dea</run_address>
         <size>0x2e1</size>
         <input_file_ref idref="fl-c1"/>
      </object_component>
      <object_component id="oc-101">
         <name>.debug_info</name>
         <load_address>0xa0cb</load_address>
         <run_address>0xa0cb</run_address>
         <size>0x2c</size>
         <input_file_ref idref="fl-c1"/>
      </object_component>
      <object_component id="oc-2fe">
         <name>.debug_info</name>
         <load_address>0xa0f7</load_address>
         <run_address>0xa0f7</run_address>
         <size>0x2ff</size>
         <input_file_ref idref="fl-c2"/>
      </object_component>
      <object_component id="oc-294">
         <name>.debug_info</name>
         <load_address>0xa3f6</load_address>
         <run_address>0xa3f6</run_address>
         <size>0x19b</size>
         <input_file_ref idref="fl-c2"/>
      </object_component>
      <object_component id="oc-339">
         <name>.debug_info</name>
         <load_address>0xa591</load_address>
         <run_address>0xa591</run_address>
         <size>0xbf</size>
         <input_file_ref idref="fl-c2"/>
      </object_component>
      <object_component id="oc-338">
         <name>.debug_info</name>
         <load_address>0xa650</load_address>
         <run_address>0xa650</run_address>
         <size>0x373</size>
         <input_file_ref idref="fl-c3"/>
      </object_component>
      <object_component id="oc-2fa">
         <name>.debug_info</name>
         <load_address>0xa9c3</load_address>
         <run_address>0xa9c3</run_address>
         <size>0x20a</size>
         <input_file_ref idref="fl-c3"/>
      </object_component>
      <object_component id="oc-c2">
         <name>.debug_info</name>
         <load_address>0xabcd</load_address>
         <run_address>0xabcd</run_address>
         <size>0x14b</size>
         <input_file_ref idref="fl-c4"/>
      </object_component>
      <object_component id="oc-1ba">
         <name>.debug_info</name>
         <load_address>0xad18</load_address>
         <run_address>0xad18</run_address>
         <size>0x127</size>
         <input_file_ref idref="fl-c5"/>
      </object_component>
      <object_component id="oc-b2">
         <name>.debug_info</name>
         <load_address>0xae3f</load_address>
         <run_address>0xae3f</run_address>
         <size>0x129</size>
         <input_file_ref idref="fl-c5"/>
      </object_component>
      <object_component id="oc-cd">
         <name>.debug_info</name>
         <load_address>0xaf68</load_address>
         <run_address>0xaf68</run_address>
         <size>0x139</size>
         <input_file_ref idref="fl-c6"/>
      </object_component>
      <object_component id="oc-b7">
         <name>.debug_info</name>
         <load_address>0xb0a1</load_address>
         <run_address>0xb0a1</run_address>
         <size>0x139</size>
         <input_file_ref idref="fl-c7"/>
      </object_component>
      <object_component id="oc-bd">
         <name>.debug_info</name>
         <load_address>0xb1da</load_address>
         <run_address>0xb1da</run_address>
         <size>0x12d</size>
         <input_file_ref idref="fl-c8"/>
      </object_component>
      <object_component id="oc-d4">
         <name>.debug_info</name>
         <load_address>0xb307</load_address>
         <run_address>0xb307</run_address>
         <size>0x13d</size>
         <input_file_ref idref="fl-c9"/>
      </object_component>
      <object_component id="oc-ca">
         <name>.debug_info</name>
         <load_address>0xb444</load_address>
         <run_address>0xb444</run_address>
         <size>0x12b</size>
         <input_file_ref idref="fl-ca"/>
      </object_component>
      <object_component id="oc-de">
         <name>.debug_info</name>
         <load_address>0xb56f</load_address>
         <run_address>0xb56f</run_address>
         <size>0x12b</size>
         <input_file_ref idref="fl-cb"/>
      </object_component>
      <object_component id="oc-38">
         <name>.debug_info</name>
         <load_address>0xb69a</load_address>
         <run_address>0xb69a</run_address>
         <size>0x118</size>
         <input_file_ref idref="fl-cc"/>
      </object_component>
      <object_component id="oc-236">
         <name>.debug_info</name>
         <load_address>0xb7b2</load_address>
         <run_address>0xb7b2</run_address>
         <size>0x133</size>
         <input_file_ref idref="fl-cd"/>
      </object_component>
      <object_component id="oc-93">
         <name>.debug_info</name>
         <load_address>0xb8e5</load_address>
         <run_address>0xb8e5</run_address>
         <size>0x146</size>
         <input_file_ref idref="fl-ce"/>
      </object_component>
      <object_component id="oc-90">
         <name>.debug_info</name>
         <load_address>0xba2b</load_address>
         <run_address>0xba2b</run_address>
         <size>0x2d3</size>
         <input_file_ref idref="fl-cf"/>
      </object_component>
      <object_component id="oc-44">
         <name>.debug_info</name>
         <load_address>0xbcfe</load_address>
         <run_address>0xbcfe</run_address>
         <size>0x1d1</size>
         <input_file_ref idref="fl-cf"/>
      </object_component>
      <object_component id="oc-8b">
         <name>.debug_info</name>
         <load_address>0xbecf</load_address>
         <run_address>0xbecf</run_address>
         <size>0x46</size>
         <input_file_ref idref="fl-cf"/>
      </object_component>
      <object_component id="oc-42">
         <name>.debug_info</name>
         <load_address>0xbf15</load_address>
         <run_address>0xbf15</run_address>
         <size>0x2a7</size>
         <input_file_ref idref="fl-d0"/>
      </object_component>
      <object_component id="oc-1c">
         <name>.debug_info</name>
         <load_address>0xc1bc</load_address>
         <run_address>0xc1bc</run_address>
         <size>0x1e9</size>
         <input_file_ref idref="fl-d0"/>
      </object_component>
      <object_component id="oc-3d">
         <name>.debug_info</name>
         <load_address>0xc3a5</load_address>
         <run_address>0xc3a5</run_address>
         <size>0x46</size>
         <input_file_ref idref="fl-d0"/>
      </object_component>
      <object_component id="oc-83">
         <name>.debug_info</name>
         <load_address>0xc3eb</load_address>
         <run_address>0xc3eb</run_address>
         <size>0x2c</size>
         <input_file_ref idref="fl-d0"/>
      </object_component>
      <object_component id="oc-81">
         <name>.debug_info</name>
         <load_address>0xc417</load_address>
         <run_address>0xc417</run_address>
         <size>0x29d</size>
         <input_file_ref idref="fl-d1"/>
      </object_component>
      <object_component id="oc-18">
         <name>.debug_info</name>
         <load_address>0xc6b4</load_address>
         <run_address>0xc6b4</run_address>
         <size>0x24f</size>
         <input_file_ref idref="fl-d1"/>
      </object_component>
      <object_component id="oc-2d">
         <name>.debug_info</name>
         <load_address>0xc903</load_address>
         <run_address>0xc903</run_address>
         <size>0x60</size>
         <input_file_ref idref="fl-d1"/>
      </object_component>
      <object_component id="oc-fa">
         <name>.debug_info</name>
         <load_address>0xc963</load_address>
         <run_address>0xc963</run_address>
         <size>0x46</size>
         <input_file_ref idref="fl-d1"/>
      </object_component>
      <object_component id="oc-7c">
         <name>.debug_info</name>
         <load_address>0xc9a9</load_address>
         <run_address>0xc9a9</run_address>
         <size>0x39</size>
         <input_file_ref idref="fl-d1"/>
      </object_component>
      <object_component id="oc-180">
         <name>.debug_info</name>
         <load_address>0xc9e2</load_address>
         <run_address>0xc9e2</run_address>
         <size>0x3ac</size>
         <input_file_ref idref="fl-d2"/>
      </object_component>
      <object_component id="oc-17d">
         <name>.debug_info</name>
         <load_address>0xcd8e</load_address>
         <run_address>0xcd8e</run_address>
         <size>0x18f</size>
         <input_file_ref idref="fl-d2"/>
      </object_component>
      <object_component id="oc-10b">
         <name>.debug_info</name>
         <load_address>0xcf1d</load_address>
         <run_address>0xcf1d</run_address>
         <size>0x121</size>
         <input_file_ref idref="fl-d2"/>
      </object_component>
      <object_component id="oc-114">
         <name>.debug_info</name>
         <load_address>0xd03e</load_address>
         <run_address>0xd03e</run_address>
         <size>0x183</size>
         <input_file_ref idref="fl-d2"/>
      </object_component>
      <object_component id="oc-1fb">
         <name>.debug_info</name>
         <load_address>0xd1c1</load_address>
         <run_address>0xd1c1</run_address>
         <size>0x2c8</size>
         <input_file_ref idref="fl-d3"/>
      </object_component>
      <object_component id="oc-15d">
         <name>.debug_info</name>
         <load_address>0xd489</load_address>
         <run_address>0xd489</run_address>
         <size>0x11d</size>
         <input_file_ref idref="fl-d3"/>
      </object_component>
      <object_component id="oc-1f4">
         <name>.debug_info</name>
         <load_address>0xd5a6</load_address>
         <run_address>0xd5a6</run_address>
         <size>0x12d</size>
         <input_file_ref idref="fl-d3"/>
      </object_component>
      <object_component id="oc-233">
         <name>.debug_info</name>
         <load_address>0xd6d3</load_address>
         <run_address>0xd6d3</run_address>
         <size>0x2b8</size>
         <input_file_ref idref="fl-d4"/>
      </object_component>
      <object_component id="oc-1ad">
         <name>.debug_info</name>
         <load_address>0xd98b</load_address>
         <run_address>0xd98b</run_address>
         <size>0x17b</size>
         <input_file_ref idref="fl-d4"/>
      </object_component>
      <object_component id="oc-2bf">
         <name>.debug_info</name>
         <load_address>0xdb06</load_address>
         <run_address>0xdb06</run_address>
         <size>0xf8</size>
         <input_file_ref idref="fl-d5"/>
      </object_component>
      <object_component id="oc-230">
         <name>.debug_info</name>
         <load_address>0xdbfe</load_address>
         <run_address>0xdbfe</run_address>
         <size>0x104</size>
         <input_file_ref idref="fl-d5"/>
      </object_component>
      <object_component id="oc-1ff">
         <name>.debug_info</name>
         <load_address>0xdd02</load_address>
         <run_address>0xdd02</run_address>
         <size>0x143</size>
         <input_file_ref idref="fl-d6"/>
      </object_component>
      <object_component id="oc-160">
         <name>.debug_info</name>
         <load_address>0xde45</load_address>
         <run_address>0xde45</run_address>
         <size>0x101</size>
         <input_file_ref idref="fl-d6"/>
      </object_component>
      <object_component id="oc-375">
         <name>.debug_info</name>
         <load_address>0xdf46</load_address>
         <run_address>0xdf46</run_address>
         <size>0x18e</size>
         <input_file_ref idref="fl-d6"/>
      </object_component>
      <object_component id="oc-2c9">
         <name>.debug_info</name>
         <load_address>0xe0d4</load_address>
         <run_address>0xe0d4</run_address>
         <size>0x29a</size>
         <input_file_ref idref="fl-d7"/>
      </object_component>
      <object_component id="oc-23c">
         <name>.debug_info</name>
         <load_address>0xe36e</load_address>
         <run_address>0xe36e</run_address>
         <size>0x1cc</size>
         <input_file_ref idref="fl-d7"/>
      </object_component>
      <object_component id="oc-270">
         <name>.debug_info</name>
         <load_address>0xe53a</load_address>
         <run_address>0xe53a</run_address>
         <size>0x295</size>
         <input_file_ref idref="fl-d8"/>
      </object_component>
      <object_component id="oc-1d9">
         <name>.debug_info</name>
         <load_address>0xe7cf</load_address>
         <run_address>0xe7cf</run_address>
         <size>0x1b5</size>
         <input_file_ref idref="fl-d8"/>
      </object_component>
      <object_component id="oc-300">
         <name>.debug_info</name>
         <load_address>0xe984</load_address>
         <run_address>0xe984</run_address>
         <size>0x2a4</size>
         <input_file_ref idref="fl-d9"/>
      </object_component>
      <object_component id="oc-29c">
         <name>.debug_info</name>
         <load_address>0xec28</load_address>
         <run_address>0xec28</run_address>
         <size>0x258</size>
         <input_file_ref idref="fl-d9"/>
      </object_component>
      <object_component id="oc-78">
         <name>.debug_info</name>
         <load_address>0xee80</load_address>
         <run_address>0xee80</run_address>
         <size>0x3b1</size>
         <input_file_ref idref="fl-da"/>
      </object_component>
      <object_component id="oc-27">
         <name>.debug_info</name>
         <load_address>0xf231</load_address>
         <run_address>0xf231</run_address>
         <size>0x10b</size>
         <input_file_ref idref="fl-da"/>
      </object_component>
      <object_component id="oc-3ab">
         <name>.debug_info</name>
         <load_address>0xf33c</load_address>
         <run_address>0xf33c</run_address>
         <size>0x13e</size>
         <input_file_ref idref="fl-da"/>
      </object_component>
      <object_component id="oc-32d">
         <name>.debug_info</name>
         <load_address>0xf47a</load_address>
         <run_address>0xf47a</run_address>
         <size>0x167</size>
         <input_file_ref idref="fl-da"/>
      </object_component>
      <object_component id="oc-35d">
         <name>.debug_info</name>
         <load_address>0xf5e1</load_address>
         <run_address>0xf5e1</run_address>
         <size>0x18d</size>
         <input_file_ref idref="fl-da"/>
      </object_component>
      <object_component id="oc-363">
         <name>.debug_info</name>
         <load_address>0xf76e</load_address>
         <run_address>0xf76e</run_address>
         <size>0x19e</size>
         <input_file_ref idref="fl-da"/>
      </object_component>
      <object_component id="oc-326">
         <name>.debug_info</name>
         <load_address>0xf90c</load_address>
         <run_address>0xf90c</run_address>
         <size>0x202</size>
         <input_file_ref idref="fl-da"/>
      </object_component>
      <object_component id="oc-3b1">
         <name>.debug_info</name>
         <load_address>0xfb0e</load_address>
         <run_address>0xfb0e</run_address>
         <size>0x1da</size>
         <input_file_ref idref="fl-da"/>
      </object_component>
      <object_component id="oc-368">
         <name>.debug_info</name>
         <load_address>0xfce8</load_address>
         <run_address>0xfce8</run_address>
         <size>0x298</size>
         <input_file_ref idref="fl-da"/>
      </object_component>
      <object_component id="oc-f5">
         <name>.debug_info</name>
         <load_address>0xff80</load_address>
         <run_address>0xff80</run_address>
         <size>0xb2</size>
         <input_file_ref idref="fl-da"/>
      </object_component>
      <object_component id="oc-f0">
         <name>.debug_info</name>
         <load_address>0x10032</load_address>
         <run_address>0x10032</run_address>
         <size>0x2c</size>
         <input_file_ref idref="fl-da"/>
      </object_component>
      <object_component id="oc-2de">
         <name>.debug_info</name>
         <load_address>0x1005e</load_address>
         <run_address>0x1005e</run_address>
         <size>0x299</size>
         <input_file_ref idref="fl-db"/>
      </object_component>
      <object_component id="oc-26b">
         <name>.debug_info</name>
         <load_address>0x102f7</load_address>
         <run_address>0x102f7</run_address>
         <size>0x25d</size>
         <input_file_ref idref="fl-db"/>
      </object_component>
      <object_component id="oc-22e">
         <name>.debug_info</name>
         <load_address>0x10554</load_address>
         <run_address>0x10554</run_address>
         <size>0x28e</size>
         <input_file_ref idref="fl-dc"/>
      </object_component>
      <object_component id="oc-1a7">
         <name>.debug_info</name>
         <load_address>0x107e2</load_address>
         <run_address>0x107e2</run_address>
         <size>0x240</size>
         <input_file_ref idref="fl-dc"/>
      </object_component>
      <object_component id="oc-307">
         <name>.debug_info</name>
         <load_address>0x10a22</load_address>
         <run_address>0x10a22</run_address>
         <size>0x396</size>
         <input_file_ref idref="fl-dd"/>
      </object_component>
      <object_component id="oc-2a9">
         <name>.debug_info</name>
         <load_address>0x10db8</load_address>
         <run_address>0x10db8</run_address>
         <size>0x18e</size>
         <input_file_ref idref="fl-dd"/>
      </object_component>
      <object_component id="oc-34c">
         <name>.debug_info</name>
         <load_address>0x10f46</load_address>
         <run_address>0x10f46</run_address>
         <size>0x120</size>
         <input_file_ref idref="fl-dd"/>
      </object_component>
      <object_component id="oc-351">
         <name>.debug_info</name>
         <load_address>0x11066</load_address>
         <run_address>0x11066</run_address>
         <size>0x2c</size>
         <input_file_ref idref="fl-dd"/>
      </object_component>
      <object_component id="oc-349">
         <name>.debug_info</name>
         <load_address>0x11092</load_address>
         <run_address>0x11092</run_address>
         <size>0x336</size>
         <input_file_ref idref="fl-de"/>
      </object_component>
      <object_component id="oc-345">
         <name>.debug_info</name>
         <load_address>0x113c8</load_address>
         <run_address>0x113c8</run_address>
         <size>0x108</size>
         <input_file_ref idref="fl-de"/>
      </object_component>
      <object_component id="oc-304">
         <name>.debug_info</name>
         <load_address>0x114d0</load_address>
         <run_address>0x114d0</run_address>
         <size>0x108</size>
         <input_file_ref idref="fl-de"/>
      </object_component>
      <object_component id="oc-2a">
         <name>.debug_info</name>
         <load_address>0x115d8</load_address>
         <run_address>0x115d8</run_address>
         <size>0x10a</size>
         <input_file_ref idref="fl-df"/>
      </object_component>
      <object_component id="oc-56">
         <name>.debug_info</name>
         <load_address>0x116e2</load_address>
         <run_address>0x116e2</run_address>
         <size>0x1a8</size>
         <input_file_ref idref="fl-df"/>
      </object_component>
      <object_component id="oc-27c">
         <name>.debug_info</name>
         <load_address>0x1188a</load_address>
         <run_address>0x1188a</run_address>
         <size>0x288</size>
         <input_file_ref idref="fl-e0"/>
      </object_component>
      <object_component id="oc-279">
         <name>.debug_info</name>
         <load_address>0x11b12</load_address>
         <run_address>0x11b12</run_address>
         <size>0x10d</size>
         <input_file_ref idref="fl-e0"/>
      </object_component>
      <object_component id="oc-1e2">
         <name>.debug_info</name>
         <load_address>0x11c1f</load_address>
         <run_address>0x11c1f</run_address>
         <size>0x14d</size>
         <input_file_ref idref="fl-e0"/>
      </object_component>
      <object_component id="oc-277">
         <name>.debug_info</name>
         <load_address>0x11d6c</load_address>
         <run_address>0x11d6c</run_address>
         <size>0x28e</size>
         <input_file_ref idref="fl-e1"/>
      </object_component>
      <object_component id="oc-1dd">
         <name>.debug_info</name>
         <load_address>0x11ffa</load_address>
         <run_address>0x11ffa</run_address>
         <size>0x159</size>
         <input_file_ref idref="fl-e1"/>
      </object_component>
      <object_component id="oc-2e1">
         <name>.debug_info</name>
         <load_address>0x12153</load_address>
         <run_address>0x12153</run_address>
         <size>0x46</size>
         <input_file_ref idref="fl-e1"/>
      </object_component>
      <object_component id="oc-272">
         <name>.debug_info</name>
         <load_address>0x12199</load_address>
         <run_address>0x12199</run_address>
         <size>0x39</size>
         <input_file_ref idref="fl-e1"/>
      </object_component>
      <object_component id="oc-2cf">
         <name>.debug_info</name>
         <load_address>0x121d2</load_address>
         <run_address>0x121d2</run_address>
         <size>0x299</size>
         <input_file_ref idref="fl-e2"/>
      </object_component>
      <object_component id="oc-25f">
         <name>.debug_info</name>
         <load_address>0x1246b</load_address>
         <run_address>0x1246b</run_address>
         <size>0x194</size>
         <input_file_ref idref="fl-e2"/>
      </object_component>
      <object_component id="oc-313">
         <name>.debug_info</name>
         <load_address>0x125ff</load_address>
         <run_address>0x125ff</run_address>
         <size>0x39</size>
         <input_file_ref idref="fl-e2"/>
      </object_component>
      <object_component id="oc-2d0">
         <name>.debug_info</name>
         <load_address>0x12638</load_address>
         <run_address>0x12638</run_address>
         <size>0x2c</size>
         <input_file_ref idref="fl-e2"/>
      </object_component>
      <object_component id="oc-2dc">
         <name>.debug_info</name>
         <load_address>0x12664</load_address>
         <run_address>0x12664</run_address>
         <size>0x2fc</size>
         <input_file_ref idref="fl-e3"/>
      </object_component>
      <object_component id="oc-265">
         <name>.debug_info</name>
         <load_address>0x12960</load_address>
         <run_address>0x12960</run_address>
         <size>0x224</size>
         <input_file_ref idref="fl-e3"/>
      </object_component>
      <object_component id="oc-302">
         <name>.debug_info</name>
         <load_address>0x12b84</load_address>
         <run_address>0x12b84</run_address>
         <size>0x346</size>
         <input_file_ref idref="fl-e4"/>
      </object_component>
      <object_component id="oc-2a0">
         <name>.debug_info</name>
         <load_address>0x12eca</load_address>
         <run_address>0x12eca</run_address>
         <size>0x189</size>
         <input_file_ref idref="fl-e4"/>
      </object_component>
      <object_component id="oc-333">
         <name>.debug_info</name>
         <load_address>0x13053</load_address>
         <run_address>0x13053</run_address>
         <size>0x175</size>
         <input_file_ref idref="fl-e5"/>
      </object_component>
      <object_component id="oc-324">
         <name>.debug_info</name>
         <load_address>0x131c8</load_address>
         <run_address>0x131c8</run_address>
         <size>0x323</size>
         <input_file_ref idref="fl-e6"/>
      </object_component>
      <object_component id="oc-2f4">
         <name>.debug_info</name>
         <load_address>0x134eb</load_address>
         <run_address>0x134eb</run_address>
         <size>0x1eb</size>
         <input_file_ref idref="fl-e6"/>
      </object_component>
      <object_component id="oc-2c4">
         <name>.debug_info</name>
         <load_address>0x136d6</load_address>
         <run_address>0x136d6</run_address>
         <size>0x114</size>
         <input_file_ref idref="fl-e7"/>
      </object_component>
      <object_component id="oc-183">
         <name>.debug_info</name>
         <load_address>0x137ea</load_address>
         <run_address>0x137ea</run_address>
         <size>0x4b2</size>
         <input_file_ref idref="fl-e8"/>
      </object_component>
      <object_component id="oc-117">
         <name>.debug_info</name>
         <load_address>0x13c9c</load_address>
         <run_address>0x13c9c</run_address>
         <size>0x1a5</size>
         <input_file_ref idref="fl-e8"/>
      </object_component>
      <object_component id="oc-21c">
         <name>.debug_info</name>
         <load_address>0x13e41</load_address>
         <run_address>0x13e41</run_address>
         <size>0x39</size>
         <input_file_ref idref="fl-e8"/>
      </object_component>
      <object_component id="oc-2af">
         <name>.debug_info</name>
         <load_address>0x13e7a</load_address>
         <run_address>0x13e7a</run_address>
         <size>0x39</size>
         <input_file_ref idref="fl-e8"/>
      </object_component>
      <object_component id="oc-221">
         <name>.debug_info</name>
         <load_address>0x13eb3</load_address>
         <run_address>0x13eb3</run_address>
         <size>0x39</size>
         <input_file_ref idref="fl-e8"/>
      </object_component>
      <object_component id="oc-226">
         <name>.debug_info</name>
         <load_address>0x13eec</load_address>
         <run_address>0x13eec</run_address>
         <size>0xcd</size>
         <input_file_ref idref="fl-e8"/>
      </object_component>
      <object_component id="oc-9a">
         <name>.debug_info</name>
         <load_address>0x13fb9</load_address>
         <run_address>0x13fb9</run_address>
         <size>0x152</size>
         <input_file_ref idref="fl-e9"/>
      </object_component>
      <object_component id="oc-3d8">
         <name>.debug_info</name>
         <load_address>0x1410b</load_address>
[...]
         <object_component_ref idref="oc-ba"/>
      </symbol>
      <symbol id="sm-392">
         <name>__aeabi_d2f</name>
         <value>0x2953</value>
         <object_component_ref idref="oc-d1"/>
      </symbol>
      <symbol id="sm-39d">
         <name>__aeabi_f2d</name>
         <value>0x31a9</value>
         <object_component_ref idref="oc-c7"/>
      </symbol>
      <symbol id="sm-3a7">
         <name>__aeabi_i2d</name>
         <value>0x32e5</value>
         <object_component_ref idref="oc-dc"/>
      </symbol>
      <symbol id="sm-3c2">
         <name>memcpy</name>
         <value>0x24bb</value>
         <object_component_ref idref="oc-37"/>
      </symbol>
      <symbol id="sm-3c3">
         <name>__aeabi_memcpy</name>
         <value>0x24bb</value>
         <object_component_ref idref="oc-37"/>
      </symbol>
      <symbol id="sm-3c4">
         <name>__aeabi_memcpy8</name>
         <value>0x24bb</value>
         <object_component_ref idref="oc-37"/>
      </symbol>
      <symbol id="sm-3c5">
         <name>__aeabi_memcpy4</name>
         <value>0x24bb</value>
         <object_component_ref idref="oc-37"/>
      </symbol>
      <symbol id="sm-3d2">
         <name>__aeabi_uldivmod</name>
         <value>0x2557</value>
         <object_component_ref idref="oc-234"/>
      </symbol>
      <symbol id="sm-3e1">
         <name>__aeabi_memset</name>
         <value>0x2787</value>
         <object_component_ref idref="oc-91"/>
      </symbol>
      <symbol id="sm-3e2">
         <name>memset</name>
         <value>0x278d</value>
         <object_component_ref idref="oc-91"/>
      </symbol>
      <symbol id="sm-3e3">
         <name>__aeabi_memset8</name>
         <value>0x2787</value>
         <object_component_ref idref="oc-91"/>
      </symbol>
      <symbol id="sm-3e4">
         <name>__aeabi_memset4</name>
         <value>0x2787</value>
         <object_component_ref idref="oc-91"/>
      </symbol>
      <symbol id="sm-3e5">
         <name>__aeabi_memclr8</name>
         <value>0x2785</value>
         <object_component_ref idref="oc-91"/>
      </symbol>
      <symbol id="sm-3e6">
         <name>__aeabi_memclr4</name>
         <value>0x2785</value>
         <object_component_ref idref="oc-91"/>
      </symbol>
      <symbol id="sm-3e7">
         <name>__aeabi_memclr</name>
         <value>0x2785</value>
         <object_component_ref idref="oc-91"/>
      </symbol>
      <symbol id="sm-3fb">
         <name>__TI_zero_init_nomemset</name>
         <value>0x33d9</value>
         <object_component_ref idref="oc-43"/>
      </symbol>
      <symbol id="sm-412">
         <name>__TI_decompress_none</name>
         <value>0x34af</value>
         <object_component_ref idref="oc-1a"/>
      </symbol>
      <symbol id="sm-435">
         <name>__TI_decompress_lzss</name>
         <value>0x2a95</value>
         <object_component_ref idref="oc-14"/>
      </symbol>
      <symbol id="sm-45b">
         <name>C$$EXIT</name>
         <value>0x34e9</value>
         <object_component_ref idref="oc-10a"/>
      </symbol>
      <symbol id="sm-45c">
         <name>abort</name>
         <value>0x34e9</value>
         <object_component_ref idref="oc-10a"/>
      </symbol>
      <symbol id="sm-45d">
         <name>__TI_dtors_ptr</name>
         <value>0x200005cc</value>
         <object_component_ref idref="oc-17c"/>
      </symbol>
      <symbol id="sm-45e">
         <name>__TI_cleanup_ptr</name>
         <value>0x200005c8</value>
         <object_component_ref idref="oc-17c"/>
      </symbol>
      <symbol id="sm-45f">
         <name>__TI_enable_exit_profile_output</name>
         <value>0x200005d0</value>
         <object_component_ref idref="oc-17c"/>
      </symbol>
      <symbol id="sm-460">
         <name>exit</name>
         <value>0x2f91</value>
         <object_component_ref idref="oc-110"/>
      </symbol>
      <symbol id="sm-475">
         <name>_nop</name>
         <value>0xb33</value>
         <object_component_ref idref="oc-1f3"/>
      </symbol>
      <symbol id="sm-476">
         <name>_lock</name>
         <value>0x200005d4</value>
         <object_component_ref idref="oc-15c"/>
      </symbol>
      <symbol id="sm-477">
         <name>_unlock</name>
         <value>0x200005d8</value>
         <object_component_ref idref="oc-15c"/>
      </symbol>
      <symbol id="sm-48d">
         <name>atoi</name>
         <value>0x2f45</value>
         <object_component_ref idref="oc-1ac"/>
      </symbol>
      <symbol id="sm-498">
         <name>_ctypes_</name>
         <value>0x34ec</value>
         <object_component_ref idref="oc-22f"/>
      </symbol>
      <symbol id="sm-4ad">
         <name>__TI_tmpnams</name>
         <value>0x20000710</value>
      </symbol>
      <symbol id="sm-4ae">
         <name>__aeabi_stdout</name>
         <value>0x200005c0</value>
         <object_component_ref idref="oc-374"/>
      </symbol>
      <symbol id="sm-4af">
         <name>__aeabi_stderr</name>
         <value>0x200005c4</value>
         <object_component_ref idref="oc-374"/>
      </symbol>
      <symbol id="sm-4b0">
         <name>__aeabi_stdin</name>
         <value>0x200005bc</value>
         <object_component_ref idref="oc-374"/>
      </symbol>
      <symbol id="sm-4b1">
         <name>_ftable</name>
         <value>0x20000400</value>
         <object_component_ref idref="oc-15f"/>
      </symbol>
      <symbol id="sm-4b2">
         <name>__TI_ft_end</name>
         <value>0x200005b8</value>
         <object_component_ref idref="oc-374"/>
      </symbol>
      <symbol id="sm-4c1">
         <name>ltoa</name>
         <value>0x2e53</value>
         <object_component_ref idref="oc-23b"/>
      </symbol>
      <symbol id="sm-4d1">
         <name>memccpy</name>
         <value>0x3411</value>
         <object_component_ref idref="oc-1d5"/>
      </symbol>
      <symbol id="sm-4e1">
         <name>memchr</name>
         <value>0x33b9</value>
         <object_component_ref idref="oc-299"/>
      </symbol>
      <symbol id="sm-56a">
         <name>_sys_memory</name>
         <value>0x20000000</value>
         <object_component_ref idref="oc-26"/>
      </symbol>
      <symbol id="sm-56b">
         <name>free</name>
         <value>0x2249</value>
         <object_component_ref idref="oc-325"/>
      </symbol>
      <symbol id="sm-56c">
         <name>memalign</name>
         <value>0x1e11</value>
         <object_component_ref idref="oc-367"/>
      </symbol>
      <symbol id="sm-56d">
         <name>malloc</name>
         <value>0x34d5</value>
         <object_component_ref idref="oc-32b"/>
      </symbol>
      <symbol id="sm-56e">
         <name>aligned_alloc</name>
         <value>0x1e11</value>
         <object_component_ref idref="oc-367"/>
      </symbol>
      <symbol id="sm-57e">
         <name>strchr</name>
         <value>0x345f</value>
         <object_component_ref idref="oc-268"/>
      </symbol>
      <symbol id="sm-58c">
         <name>strlen</name>
         <value>0x3489</value>
         <object_component_ref idref="oc-1a6"/>
      </symbol>
      <symbol id="sm-5a6">
         <name>write</name>
         <value>0x3391</value>
         <object_component_ref idref="oc-2a5"/>
      </symbol>
      <symbol id="sm-5b7">
         <name>_stream</name>
         <value>0x20000568</value>
         <object_component_ref idref="oc-303"/>
      </symbol>
      <symbol id="sm-5b8">
         <name>_device</name>
         <value>0x200004f0</value>
         <object_component_ref idref="oc-344"/>
      </symbol>
      <symbol id="sm-5cb">
         <name>__stack</name>
         <value>0x2000fe00</value>
         <object_component_ref idref="oc-29"/>
      </symbol>
      <symbol id="sm-5cc">
         <name>_c_int00_noargs</name>
         <value>0x3281</value>
         <object_component_ref idref="oc-55"/>
      </symbol>
      <symbol id="sm-5e2">
         <name>__aeabi_errno_addr</name>
         <value>0x34cd</value>
         <object_component_ref idref="oc-1e1"/>
      </symbol>
      <symbol id="sm-5e3">
         <name>errno</name>
         <value>0x200005e8</value>
         <object_component_ref idref="oc-278"/>
      </symbol>
      <symbol id="sm-5fc">
         <name>wcslen</name>
         <value>0x349d</value>
         <object_component_ref idref="oc-1db"/>
      </symbol>
      <symbol id="sm-61c">
         <name>frexpl</name>
         <value>0x2b65</value>
         <object_component_ref idref="oc-25c"/>
      </symbol>
      <symbol id="sm-61d">
         <name>frexp</name>
         <value>0x2b65</value>
         <object_component_ref idref="oc-25c"/>
      </symbol>
      <symbol id="sm-63a">
         <name>scalbn</name>
         <value>0x203d</value>
         <object_component_ref idref="oc-262"/>
      </symbol>
      <symbol id="sm-63b">
         <name>scalbnl</name>
         <value>0x203d</value>
         <object_component_ref idref="oc-262"/>
      </symbol>
      <symbol id="sm-63c">
         <name>ldexpl</name>
         <value>0x203d</value>
         <object_component_ref idref="oc-262"/>
      </symbol>
      <symbol id="sm-63d">
         <name>ldexp</name>
         <value>0x203d</value>
         <object_component_ref idref="oc-262"/>
      </symbol>
      <symbol id="sm-64d">
         <name>__TI_doflush</name>
         <value>0x2ef9</value>
         <object_component_ref idref="oc-29f"/>
      </symbol>
      <symbol id="sm-65d">
         <name>__TI_cleanup</name>
         <value>0x3219</value>
         <object_component_ref idref="oc-331"/>
      </symbol>
      <symbol id="sm-66f">
         <name>fseek</name>
         <value>0x2bc9</value>
         <object_component_ref idref="oc-2f1"/>
      </symbol>
      <symbol id="sm-679">
         <name>__aeabi_idiv0</name>
         <value>0x1a77</value>
         <object_component_ref idref="oc-2c2"/>
      </symbol>
      <symbol id="sm-67a">
         <name>__aeabi_ldiv0</name>
         <value>0x1a77</value>
         <object_component_ref idref="oc-2c2"/>
      </symbol>
      <symbol id="sm-6a2">
         <name>__TI_auto_init_nobinit_nopinit</name>
         <value>0x30a9</value>
         <object_component_ref idref="oc-116"/>
      </symbol>
      <symbol id="sm-6ac">
         <name>_system_pre_init</name>
         <value>0x34e5</value>
         <object_component_ref idref="oc-97"/>
      </symbol>
      <symbol id="sm-6bf">
         <name>HOSTclose</name>
         <value>0x3021</value>
         <object_component_ref idref="oc-380"/>
      </symbol>
      <symbol id="sm-6d0">
         <name>HOSTlseek</name>
         <value>0x2a2d</value>
         <object_component_ref idref="oc-392"/>
      </symbol>
      <symbol id="sm-6e2">
         <name>parmbuf</name>
         <value>0x200007b0</value>
      </symbol>
      <symbol id="sm-6e3">
         <name>HOSTopen</name>
         <value>0x2c91</value>
         <object_component_ref idref="oc-37a"/>
      </symbol>
      <symbol id="sm-6f4">
         <name>HOSTread</name>
         <value>0x2d4d</value>
         <object_component_ref idref="oc-386"/>
      </symbol>
      <symbol id="sm-705">
         <name>HOSTrename</name>
         <value>0x29c1</value>
         <object_component_ref idref="oc-39e"/>
      </symbol>
      <symbol id="sm-716">
         <name>HOSTunlink</name>
         <value>0x3065</value>
         <object_component_ref idref="oc-398"/>
      </symbol>
      <symbol id="sm-727">
         <name>HOSTwrite</name>
         <value>0x2da5</value>
         <object_component_ref idref="oc-38c"/>
      </symbol>
      <symbol id="sm-74b">
         <name>__TI_readmsg</name>
         <value>0x324d</value>
         <object_component_ref idref="oc-3cd"/>
      </symbol>
      <symbol id="sm-74c">
         <name>C$$IO$$</name>
         <value>0x319f</value>
         <object_component_ref idref="oc-3c7"/>
      </symbol>
      <symbol id="sm-74d">
         <name>__CIOBUF_</name>
         <value>0x200005f0</value>
         <object_component_ref idref="oc-3f8"/>
      </symbol>
      <symbol id="sm-74e">
         <name>__TI_writemsg</name>
         <value>0x3171</value>
         <object_component_ref idref="oc-3c7"/>
      </symbol>
      <symbol id="sm-75f">
         <name>lseek</name>
         <value>0x3369</value>
         <object_component_ref idref="oc-31d"/>
      </symbol>
      <symbol id="sm-769">
         <name>copysign</name>
         <value>0x342d</value>
         <object_component_ref idref="oc-2d5"/>
      </symbol>
      <symbol id="sm-76a">
         <name>copysignl</name>
         <value>0x342d</value>
         <object_component_ref idref="oc-2d5"/>
      </symbol>
      <symbol id="sm-77f">
         <name>__TI_closefile</name>
         <value>0x2801</value>
         <object_component_ref idref="oc-36e"/>
      </symbol>
      <symbol id="sm-7a2">
         <name>finddevice</name>
         <value>0x32b5</value>
         <object_component_ref idref="oc-416"/>
      </symbol>
      <symbol id="sm-7a3">
         <name>getdevice</name>
         <value>0x30ed</value>
         <object_component_ref idref="oc-3ee"/>
      </symbol>
      <symbol id="sm-7b2">
         <name>strcmp</name>
         <value>0x3447</value>
         <object_component_ref idref="oc-42d"/>
      </symbol>
      <symbol id="sm-7c0">
         <name>strcpy</name>
         <value>0x3475</value>
         <object_component_ref idref="oc-3e1"/>
      </symbol>
      <symbol id="sm-7d0">
         <name>strncpy</name>
         <value>0x31e1</value>
         <object_component_ref idref="oc-410"/>
      </symbol>
      <symbol id="sm-7e5">
         <name>close</name>
         <value>0x2cf1</value>
         <object_component_ref idref="oc-3b6"/>
      </symbol>
      <symbol id="sm-7f5">
         <name>unlink</name>
         <value>0x3315</value>
         <object_component_ref idref="oc-3bc"/>
      </symbol>
      <symbol id="sm-7f6">
         <name>__TI_static_base__</name>
         <value>0x0</value>
      </symbol>
      <symbol id="sm-7f9">
         <name>__mpu_init</name>
         <value>0x0</value>
      </symbol>
      <symbol id="sm-7fa">
         <name>_system_post_cinit</name>
         <value>0x0</value>
      </symbol>
      <symbol id="sm-7fb">
         <name>NMI_Handler</name>
         <value>0x34c9</value>
      </symbol>
      <symbol id="sm-7fc">
         <name>HardFault_Handler</name>
         <value>0x34c9</value>
      </symbol>
      <symbol id="sm-7fd">
         <name>MemManage_Handler</name>
         <value>0x34c9</value>
      </symbol>
      <symbol id="sm-7fe">
         <name>BusFault_Handler</name>
         <value>0x34c9</value>
      </symbol>
      <symbol id="sm-7ff">
         <name>UsageFault_Handler</name>
         <value>0x34c9</value>
      </symbol>
      <symbol id="sm-800">
         <name>SVC_Handler</name>
         <value>0x34c9</value>
      </symbol>
      <symbol id="sm-801">
         <name>DebugMon_Handler</name>
         <value>0x34c9</value>
      </symbol>
      <symbol id="sm-802">
         <name>PendSV_Handler</name>
         <value>0x34c9</value>
      </symbol>
      <symbol id="sm-803">
         <name>SysTick_Handler</name>
         <value>0x34c9</value>
      </symbol>
      <symbol id="sm-804">
         <name>PSS_IRQHandler</name>
         <value>0x34c9</value>
      </symbol>
      <symbol id="sm-805">
         <name>CS_IRQHandler</name>
         <value>0x34c9</value>
      </symbol>
      <symbol id="sm-806">
         <name>PCM_IRQHandler</name>
         <value>0x34c9</value>
      </symbol>
      <symbol id="sm-807">
         <name>WDT_A_IRQHandler</name>
         <value>0x34c9</value>
      </symbol>
      <symbol id="sm-808">
         <name>FPU_IRQHandler</name>
         <value>0x34c9</value>
      </symbol>
      <symbol id="sm-809">
         <name>FLCTL_IRQHandler</name>
         <value>0x34c9</value>
      </symbol>
      <symbol id="sm-80a">
         <name>COMP_E0_IRQHandler</name>
         <value>0x34c9</value>
      </symbol>
      <symbol id="sm-80b">
         <name>COMP_E1_IRQHandler</name>
         <value>0x34c9</value>
      </symbol>
      <symbol id="sm-80c">
         <name>TA0_0_IRQHandler</name>
         <value>0x34c9</value>
      </symbol>
      <symbol id="sm-80d">
         <name>TA0_N_IRQHandler</name>
         <value>0xd0f</value>
      </symbol>
      <symbol id="sm-80e">
         <name>TA1_0_IRQHandler</name>
         <value>0x34c9</value>
      </symbol>
      <symbol id="sm-80f">
         <name>TA1_N_IRQHandler</name>
         <value>0x34c9</value>
      </symbol>
      <symbol id="sm-810">
         <name>TA2_0_IRQHandler</name>
         <value>0x34c9</value>
      </symbol>
      <symbol id="sm-811">
         <name>TA2_N_IRQHandler</name>
         <value>0x34c9</value>
      </symbol>
      <symbol id="sm-812">
         <name>TA3_0_IRQHandler</name>
         <value>0x34c9</value>
      </symbol>
      <symbol id="sm-813">
         <name>TA3_N_IRQHandler</name>
         <value>0x34c9</value>
      </symbol>
      <symbol id="sm-814">
         <name>EUSCIA0_IRQHandler</name>
         <value>0x34c9</value>
      </symbol>
      <symbol id="sm-815">
         <name>EUSCIA1_IRQHandler</name>
         <value>0x34c9</value>
      </symbol>
      <symbol id="sm-816">
         <name>EUSCIA2_IRQHandler</name>
         <value>0x34c9</value>
      </symbol>
      <symbol id="sm-817">
         <name>EUSCIA3_IRQHandler</name>
         <value>0x34c9</value>
      </symbol>
      <symbol id="sm-818">
         <name>EUSCIB0_IRQHandler</name>
         <value>0x34c9</value>
      </symbol>
      <symbol id="sm-819">
         <name>EUSCIB1_IRQHandler</name>
         <value>0x34c9</value>
      </symbol>
      <symbol id="sm-81a">
         <name>EUSCIB2_IRQHandler</name>
         <value>0x34c9</value>
      </symbol>
      <symbol id="sm-81b">
         <name>EUSCIB3_IRQHandler</name>
         <value>0x34c9</value>
      </symbol>
      <symbol id="sm-81c">
         <name>ADC14_IRQHandler</name>
         <value>0x34c9</value>
      </symbol>
      <symbol id="sm-81d">
         <name>T32_INT1_IRQHandler</name>
         <value>0xbd1</value>
      </symbol>
      <symbol id="sm-81e">
         <name>T32_INT2_IRQHandler</name>
         <value>0x34c9</value>
      </symbol>
      <symbol id="sm-81f">
         <name>T32_INTC_IRQHandler</name>
         <value>0x34c9</value>
      </symbol>
      <symbol id="sm-820">
         <name>AES256_IRQHandler</name>
         <value>0x34c9</value>
      </symbol>
      <symbol id="sm-821">
         <name>RTC_C_IRQHandler</name>
         <value>0x34c9</value>
      </symbol>
      <symbol id="sm-822">
         <name>DMA_ERR_IRQHandler</name>
         <value>0x34c9</value>
      </symbol>
      <symbol id="sm-823">
         <name>DMA_INT3_IRQHandler</name>
         <value>0x34c9</value>
      </symbol>
      <symbol id="sm-824">
         <name>DMA_INT2_IRQHandler</name>
         <value>0x34c9</value>
      </symbol>
      <symbol id="sm-825">
         <name>DMA_INT1_IRQHandler</name>
         <value>0x34c9</value>
      </symbol>
      <symbol id="sm-826">
         <name>DMA_INT0_IRQHandler</name>
         <value>0x34c9</value>
      </symbol>
      <symbol id="sm-827">
         <name>PORT1_IRQHandler</name>
         <value>0x34c9</value>
      </symbol>
      <symbol id="sm-828">
         <name>PORT2_IRQHandler</name>
         <value>0x34c9</value>
      </symbol>
      <symbol id="sm-829">
         <name>PORT3_IRQHandler</name>
         <value>0x34c9</value>
      </symbol>
      <symbol id="sm-82a">
         <name>PORT4_IRQHandler</name>
         <value>0x34c9</value>
      </symbol>
      <symbol id="sm-82b">
         <name>PORT5_IRQHandler</name>
         <value>0x34c9</value>
      </symbol>
      <symbol id="sm-82c">
         <name>PORT6_IRQHandler</name>
         <value>0x34c9</value>
      </symbol>
      <symbol id="sm-82d">
         <name>remove</name>
         <value>0x3315</value>
      </symbol>
   </symbol_table>
   <title>Link successful</title>
</link_info>
