******************************************************************************
                  TI ARM Linker PC v18.12.4                    
******************************************************************************
>> Linked Thu Sep  3 13:16:36 2020

OUTPUT FILE NAME:   <TempCheckSound.out>
ENTRY POINT SYMBOL: "_c_int00_noargs"  address: 0000332d


MEMORY CONFIGURATION

         name            origin    length      used     unused   attr    fill
----------------------  --------  ---------  --------  --------  ----  --------
  MAIN                  00000000   00040000  00003731  0003c8cf  R  X
  INFO                  00200000   00004000  00000000  00004000  R  X
  SRAM_CODE             01000000   00010000  000009b8  0000f648  RW X
  SRAM_DATA             20000000   00010000  000009b8  0000f648  RW  


SEGMENT ALLOCATION MAP

run origin  load origin   length   init length attrs members
----------  ----------- ---------- ----------- ----- -------
00000000    00000000    00003738   00003738    r-x
  00000000    00000000    000000e4   000000e4    r-- .intvecs
  000000e4    000000e4    000034b4   000034b4    r-x .text
  00003598    00003598    00000101   00000101    r-- .const
  000036a0    000036a0    00000098   00000098    r-- .cinit
20000000    20000000    000007b8   00000000    rw-
  20000000    20000000    00000400   00000000    rw- .sysmem
  20000400    20000400    000001f0   00000000    rw- .data
  200005f0    200005f0    000001c8   00000000    rw- .bss
2000fe00    2000fe00    00000200   00000000    rw-
  2000fe00    2000fe00    00000200   00000000    rw- .stack


SECTION ALLOCATION MAP

 output                                  attributes/
section   page    origin      length       input sections
--------  ----  ----------  ----------   ----------------
.intvecs   0    00000000    000000e4     
                  00000000    000000e4     startup_msp432p401r_ccs.obj (.intvecs:retain)

.text      0    000000e4    000034b4     
                  000000e4    00000a4e     rtsv7M4_T_le_v4SPD16_eabi.lib : _printfi.c.obj (.text:__TI_printfi)
                  00000b32    00000002                                   : _lock.c.obj (.text:_nop)
                  00000b34    000006c4     main.obj (.text)
                  000011f8    00000334     system_msp432p401r.obj (.text)
                  0000152c    00000270     rtsv7M4_T_le_v4SPD16_eabi.lib : _printfi.c.obj (.text:_pconv_a)
                  0000179c    000001d0                                   : _printfi.c.obj (.text:_pconv_g)
                  0000196c    000001b6                                   : fd_add_t2.asm.obj (.text)
                  00001b22    00000002                                   : div0.asm.obj (.text)
                  00001b24    0000013c                                   : _printfi.c.obj (.text:_pconv_e)
                  00001c60    00000136                                   : fd_div_t2.asm.obj (.text)
                  00001d96    00000002     --HOLE-- [fill = 0]
                  00001d98    00000124                                   : _printfi.c.obj (.text:fcvt)
                  00001ebc    00000118                                   : memory.c.obj (.text:aligned_alloc)
                  00001fd4    00000114                                   : fputs.c.obj (.text:fputs)
                  000020e8    00000110                                   : s_scalbn.c.obj (.text:scalbn)
                  000021f8    000000fc                                   : fd_mul_t2.asm.obj (.text)
                  000022f4    000000e4                                   : memory.c.obj (.text:free)
                  000023d8    000000dc                                   : setvbuf.c.obj (.text:setvbuf)
                  000024b4    000000b1                                   : _printfi.c.obj (.text:_ltostr)
                  00002565    00000001     --HOLE-- [fill = 0]
                  00002566    0000009c                                   : memcpy_t2.asm.obj (.text)
                  00002602    00000096                                   : ull_div_t2.asm.obj (.text)
                  00002698    0000008c                                   : fputc.c.obj (.text:fputc)
                  00002724    00000086                                   : fd_cmp_t2.asm.obj (.text:__aeabi_cdcmple)
                  000027aa    00000086                                   : fd_cmp_t2.asm.obj (.text:__aeabi_cdrcmple)
                  00002830    0000007a                                   : memset_t2.asm.obj (.text)
                  000028aa    00000002     --HOLE-- [fill = 0]
                  000028ac    00000074                                   : fclose.c.obj (.text:__TI_closefile)
                  00002920    00000070                                   : memory.c.obj (.text:split)
                  00002990    0000006e                                   : _printfi.c.obj (.text:_mcpy)
                  000029fe    0000006e                                   : fd_tos_t2.asm.obj (.text)
                  00002a6c    0000006c                                   : hostrename.c.obj (.text:HOSTrename)
                  00002ad8    00000068                                   : hostlseek.c.obj (.text:HOSTlseek)
                  00002b40    00000068                                   : copy_decompress_lzss.c.obj (.text:decompress:lzss:__TI_decompress_lzss)
                  00002ba8    00000068                                   : printf.c.obj (.text:printf)
                  00002c10    00000064                                   : s_frexp.c.obj (.text:frexp)
                  00002c74    00000064                                   : fseek.c.obj (.text:fseek)
                  00002cd8    00000062                                   : _io_perm.c.obj (.text:__TI_wrt_ok)
                  00002d3a    00000002     --HOLE-- [fill = 0]
                  00002d3c    00000060                                   : hostopen.c.obj (.text:HOSTopen)
                  00002d9c    0000005c                                   : close.c.obj (.text:close)
                  00002df8    00000058                                   : hostread.c.obj (.text:HOSTread)
                  00002e50    00000058                                   : hostwrite.c.obj (.text:HOSTwrite)
                  00002ea8    00000056                                   : _printfi.c.obj (.text:_pconv_f)
                  00002efe    00000054                                   : ltoa.c.obj (.text:ltoa)
                  00002f52    00000052                                   : _printfi.c.obj (.text:_ecpy)
                  00002fa4    0000004c                                   : fflush.c.obj (.text:__TI_doflush)
                  00002ff0    0000004c                                   : atoi.c.obj (.text:atoi)
                  0000303c    00000048                                   : exit.c.obj (.text:exit)
                  00003084    00000048                                   : fd_toi_t2.asm.obj (.text)
                  000030cc    00000044                                   : hostclose.c.obj (.text:HOSTclose)
                  00003110    00000044                                   : hostunlink.c.obj (.text:HOSTunlink)
                  00003154    00000044                                   : autoinit.c.obj (.text:__TI_auto_init_nobinit_nopinit:__TI_auto_init_nobinit_nopinit)
                  00003198    00000044                                   : getdevice.c.obj (.text:getdevice)
                  000031dc    0000003e                                   : _printfi.c.obj (.text:_fcpy)
                  0000321a    00000002     --HOLE-- [fill = 0]
                  0000321c    00000038                                   : trgmsg.c.obj (.text:__TI_writemsg)
                  00003254    00000038                                   : fs_tod_t2.asm.obj (.text)
                  0000328c    00000036                                   : strncpy.c.obj (.text:strncpy)
                  000032c2    00000002     --HOLE-- [fill = 0]
                  000032c4    00000034                                   : fopen.c.obj (.text:__TI_cleanup)
                  000032f8    00000034                                   : trgmsg.c.obj (.text:__TI_readmsg)
                  0000332c    00000034                                   : boot_cortex_m.c.obj (.text:_c_int00_noargs:_c_int00_noargs)
                  00003360    00000030                                   : getdevice.c.obj (.text:finddevice)
                  00003390    0000002e                                   : i_tofd_t2.asm.obj (.text)
                  000033be    00000002     --HOLE-- [fill = 0]
                  000033c0    0000002c                                   : unlink.c.obj (.text:unlink)
                  000033ec    00000028                                   : memory.c.obj (.text:free_list_insert)
                  00003414    00000028                                   : lseek.c.obj (.text:lseek)
                  0000343c    00000028                                   : write.c.obj (.text:write)
                  00003464    00000020                                   : memchr.c.obj (.text:memchr)
                  00003484    0000001c                                   : copy_zero_init.c.obj (.text:decompress:ZI:__TI_zero_init_nomemset:__TI_zero_init_nomemset)
                  000034a0    0000001c                                   : memory.c.obj (.text:free_list_remove)
                  000034bc    0000001c                                   : memccpy.c.obj (.text:memccpy)
                  000034d8    0000001a                                   : s_copysign.c.obj (.text:copysign)
                  000034f2    00000018                                   : strcmp.c.obj (.text:strcmp)
                  0000350a    00000016                                   : strchr.c.obj (.text:strchr)
                  00003520    00000014                                   : strcpy.c.obj (.text:strcpy)
                  00003534    00000014                                   : strlen.c.obj (.text:strlen)
                  00003548    00000012                                   : wcslen.c.obj (.text:wcslen)
                  0000355a    0000000e                                   : copy_decompress_none.c.obj (.text:decompress:none:__TI_decompress_none)
                  00003568    0000000e     startup_msp432p401r_ccs.obj (.text)
                  00003576    00000002     --HOLE-- [fill = 0]
                  00003578    00000008     rtsv7M4_T_le_v4SPD16_eabi.lib : errno.c.obj (.text:__aeabi_errno_addr)
                  00003580    00000008                                   : memory.c.obj (.text:malloc)
                  00003588    00000004                                   : printf.c.obj (.text:_outc)
                  0000358c    00000004                                   : printf.c.obj (.text:_outs)
                  00003590    00000004                                   : pre_init.c.obj (.text:_system_pre_init)
                  00003594    00000004                                   : exit.c.obj (.text:abort:abort)

.const     0    00003598    00000101     
                  00003598    00000101     rtsv7M4_T_le_v4SPD16_eabi.lib : ctype.c.obj (.const:.string:_ctypes_)

.cinit     0    000036a0    00000098     
                  000036a0    0000006e     (.cinit..data.load) [load image, compression = lzss]
                  0000370e    00000002     --HOLE-- [fill = 0]
                  00003710    0000000c     (__TI_handler_table)
                  0000371c    00000004     --HOLE-- [fill = 0]
                  00003720    00000008     (.cinit..bss.load) [load image, compression = zero_init]
                  00003728    00000010     (__TI_cinit_table)

.init_array 
*          0    00000000    00000000     UNINITIALIZED

.binit     0    00000000    00000000     

.sysmem    0    20000000    00000400     UNINITIALIZED
                  20000000    00000010     rtsv7M4_T_le_v4SPD16_eabi.lib : memory.c.obj (.sysmem)
                  20000010    000003f0     --HOLE--

.data      0    20000400    000001f0     UNINITIALIZED
                  20000400    000000f0     rtsv7M4_T_le_v4SPD16_eabi.lib : defs.c.obj (.data:_ftable)
                  200004f0    00000078                                   : host_device.c.obj (.data:_device)
                  20000568    00000050                                   : host_device.c.obj (.data:_stream)
                  200005b8    00000010                                   : defs.c.obj (.data)
                  200005c8    0000000c                                   : exit.c.obj (.data:$O1$$)
                  200005d4    00000008                                   : _lock.c.obj (.data:$O1$$)
                  200005dc    00000008                                   : memory.c.obj (.data:$O1$$)
                  200005e4    00000004     main.obj (.data)
                  200005e8    00000004     rtsv7M4_T_le_v4SPD16_eabi.lib : errno.c.obj (.data)
                  200005ec    00000004     system_msp432p401r.obj (.data)

.bss       0    200005f0    000001c8     UNINITIALIZED
                  200005f0    00000120     rtsv7M4_T_le_v4SPD16_eabi.lib : trgmsg.c.obj (.bss:_CIOBUF_)
                  20000710    000000a0     (.common:__TI_tmpnams)
                  200007b0    00000008     (.common:parmbuf)

.stack     0    2000fe00    00000200     UNINITIALIZED
                  2000fe00    00000004     rtsv7M4_T_le_v4SPD16_eabi.lib : boot_cortex_m.c.obj (.stack)
                  2000fe04    000001fc     --HOLE--

MODULE SUMMARY

       Module                        code    ro data   rw data
       ------                        ----    -------   -------
    .\
       main.obj                      1732    0         8      
       system_msp432p401r.obj        820     0         8      
       startup_msp432p401r_ccs.obj   14      228       0      
    +--+-----------------------------+-------+---------+---------+
       Total:                        2566    228       16     
                                                              
    C:\ti\ccs920\ccs\tools\compiler\ti-cgt-arm_18.12.4.LTS\lib\rtsv7M4_T_le_v4SPD16_eabi.lib
       _printfi.c.obj                4851    0         0      
       defs.c.obj                    0       0         832    
       memory.c.obj                  696     0         16     
       trgmsg.c.obj                  108     0         576    
       fd_add_t2.asm.obj             438     0         0      
       host_device.c.obj             0       0         400    
       fd_div_t2.asm.obj             310     0         0      
       fputs.c.obj                   276     0         0      
       s_scalbn.c.obj                272     0         0      
       fd_cmp_t2.asm.obj             268     0         0      
       ctype.c.obj                   0       257       0      
       fd_mul_t2.asm.obj             252     0         0      
       setvbuf.c.obj                 220     0         0      
       memcpy_t2.asm.obj             156     0         0      
       ull_div_t2.asm.obj            150     0         0      
       fputc.c.obj                   140     0         0      
       memset_t2.asm.obj             122     0         0      
       fclose.c.obj                  116     0         0      
       getdevice.c.obj               116     0         0      
       hostopen.c.obj                96      0         16     
       printf.c.obj                  112     0         0      
       fd_tos_t2.asm.obj             110     0         0      
       hostrename.c.obj              108     0         0      
       copy_decompress_lzss.c.obj    104     0         0      
       hostlseek.c.obj               104     0         0      
       exit.c.obj                    76      0         24     
       fseek.c.obj                   100     0         0      
       s_frexp.c.obj                 100     0         0      
       _io_perm.c.obj                98      0         0      
       close.c.obj                   92      0         0      
       hostread.c.obj                88      0         0      
       hostwrite.c.obj               88      0         0      
       ltoa.c.obj                    84      0         0      
       atoi.c.obj                    76      0         0      
       fflush.c.obj                  76      0         0      
       fd_toi_t2.asm.obj             72      0         0      
       autoinit.c.obj                68      0         0      
       hostclose.c.obj               68      0         0      
       hostunlink.c.obj              68      0         0      
       fs_tod_t2.asm.obj             56      0         0      
       strncpy.c.obj                 54      0         0      
       boot_cortex_m.c.obj           52      0         0      
       fopen.c.obj                   52      0         0      
       i_tofd_t2.asm.obj             46      0         0      
       unlink.c.obj                  44      0         0      
       lseek.c.obj                   40      0         0      
       write.c.obj                   40      0         0      
       memchr.c.obj                  32      0         0      
       copy_zero_init.c.obj          28      0         0      
       memccpy.c.obj                 28      0         0      
       s_copysign.c.obj              26      0         0      
       strcmp.c.obj                  24      0         0      
       strchr.c.obj                  22      0         0      
       strcpy.c.obj                  20      0         0      
       strlen.c.obj                  20      0         0      
       _lock.c.obj                   2       0         16     
       wcslen.c.obj                  18      0         0      
       errno.c.obj                   8       0         8      
       copy_decompress_none.c.obj    14      0         0      
       pre_init.c.obj                4       0         0      
       div0.asm.obj                  2       0         0      
    +--+-----------------------------+-------+---------+---------+
       Total:                        10911   257       1888   
                                                              
       Heap:                         0       0         2048   
       Stack:                        0       0         1024   
       Linker Generated:             0       146       0      
    +--+-----------------------------+-------+---------+---------+
       Grand Total:                  13477   631       4976   


LINKER GENERATED COPY TABLES

__TI_cinit_table @ 00003728 records: 2, size/record: 8, table size: 16
	.data: load addr=000036a0, load size=0000006e bytes, run addr=20000400, run size=000001f0 bytes, compression=lzss
	.bss: load addr=00003720, load size=00000008 bytes, run addr=200005f0, run size=000001c8 bytes, compression=zero_init


LINKER GENERATED HANDLER TABLE

__TI_handler_table @ 00003710 records: 3, size/record: 4, table size: 12
	index: 0, handler: __TI_decompress_lzss
	index: 1, handler: __TI_decompress_none
	index: 2, handler: __TI_zero_init


GLOBAL SYMBOLS: SORTED ALPHABETICALLY BY Name 

address   name                           
-------   ----                           
00003575  ADC14_IRQHandler               
00003575  AES256_IRQHandler              
00003575  BusFault_Handler               
00003595  C$$EXIT                        
0000324b  C$$IO$$                        
00003575  COMP_E0_IRQHandler             
00003575  COMP_E1_IRQHandler             
00003575  CS_IRQHandler                  
00003575  DMA_ERR_IRQHandler             
00003575  DMA_INT0_IRQHandler            
00003575  DMA_INT1_IRQHandler            
00003575  DMA_INT2_IRQHandler            
00003575  DMA_INT3_IRQHandler            
00003575  DebugMon_Handler               
00003575  Default_Handler                
00003575  EUSCIA0_IRQHandler             
00003575  EUSCIA1_IRQHandler             
00003575  EUSCIA2_IRQHandler             
00003575  EUSCIA3_IRQHandler             
00003575  EUSCIB0_IRQHandler             
00003575  EUSCIB1_IRQHandler             
00003575  EUSCIB2_IRQHandler             
00003575  EUSCIB3_IRQHandler             
00003575  FLCTL_IRQHandler               
00003575  FPU_IRQHandler                 
000030cd  HOSTclose                      
00002ad9  HOSTlseek                      
00002d3d  HOSTopen                       
00002df9  HOSTread                       
00002a6d  HOSTrename                     
00003111  HOSTunlink                     
00002e51  HOSTwrite                      
00003575  HardFault_Handler              
00003575  MemManage_Handler              
00003575  NMI_Handler                    
00003575  PCM_IRQHandler                 
00003575  PORT1_IRQHandler               
00003575  PORT2_IRQHandler               
00003575  PORT3_IRQHandler               
00003575  PORT4_IRQHandler               
00003575  PORT5_IRQHandler               
00003575  PORT6_IRQHandler               
00003575  PSS_IRQHandler                 
00003575  PendSV_Handler                 
00003575  RTC_C_IRQHandler               
00003569  Reset_Handler                  
00003575  SVC_Handler                    
00003575  SysTick_Handler                
200005ec  SystemCoreClock                
000011f9  SystemCoreClockUpdate          
00001471  SystemInit                     
00000bd1  T32_INT1_IRQHandler            
00000bd1  T32_INT1_IRQHandler            
00003575  T32_INT2_IRQHandler            
00003575  T32_INTC_IRQHandler            
00003575  TA0_0_IRQHandler               
00000d0f  TA0_N_IRQHandler               
00000d0f  TA0_N_IRQHandler               
00003575  TA1_0_IRQHandler               
00003575  TA1_N_IRQHandler               
00003575  TA2_0_IRQHandler               
00003575  TA2_N_IRQHandler               
00003575  TA3_0_IRQHandler               
00003575  TA3_N_IRQHandler               
00003575  UsageFault_Handler             
4000480c  WDTCTL_SYM                     
00003575  WDT_A_IRQHandler               
200005f0  __CIOBUF_                      
20010000  __STACK_END                    
00000200  __STACK_SIZE                   
00000400  __SYSMEM_SIZE                  
00003728  __TI_CINIT_Base                
00003738  __TI_CINIT_Limit               
00003710  __TI_Handler_Table_Base        
0000371c  __TI_Handler_Table_Limit       
00003155  __TI_auto_init_nobinit_nopinit 
000032c5  __TI_cleanup                   
200005c8  __TI_cleanup_ptr               
000028ad  __TI_closefile                 
00002b41  __TI_decompress_lzss           
0000355b  __TI_decompress_none           
00002fa5  __TI_doflush                   
200005cc  __TI_dtors_ptr                 
200005d0  __TI_enable_exit_profile_output
200005b8  __TI_ft_end                    
ffffffff  __TI_pprof_out_hndl            
000000e5  __TI_printfi                   
ffffffff  __TI_prof_data_size            
ffffffff  __TI_prof_data_start           
000032f9  __TI_readmsg                   
00000000  __TI_static_base__             
20000710  __TI_tmpnams                   
0000321d  __TI_writemsg                  
00002cd9  __TI_wrt_ok                    
00003485  __TI_zero_init_nomemset        
00002725  __aeabi_cdcmpeq                
00002725  __aeabi_cdcmple                
000027ab  __aeabi_cdrcmple               
000029ff  __aeabi_d2f                    
00003085  __aeabi_d2iz                   
00001977  __aeabi_dadd                   
00001c61  __aeabi_ddiv                   
000021f9  __aeabi_dmul                   
0000196d  __aeabi_dsub                   
00003579  __aeabi_errno_addr             
00003255  __aeabi_f2d                    
00003391  __aeabi_i2d                    
00001b23  __aeabi_idiv0                  
00001b23  __aeabi_ldiv0                  
00002831  __aeabi_memclr                 
00002831  __aeabi_memclr4                
00002831  __aeabi_memclr8                
00002567  __aeabi_memcpy                 
00002567  __aeabi_memcpy4                
00002567  __aeabi_memcpy8                
00002833  __aeabi_memset                 
00002833  __aeabi_memset4                
00002833  __aeabi_memset8                
200005c4  __aeabi_stderr                 
200005bc  __aeabi_stdin                  
200005c0  __aeabi_stdout                 
00002603  __aeabi_uldivmod               
ffffffff  __binit__                      
ffffffff  __c_args__                     
UNDEFED   __mpu_init                     
2000fe00  __stack                        
0000332d  _c_int00_noargs                
00003598  _ctypes_                       
200004f0  _device                        
20000400  _ftable                        
200005d4  _lock                          
00000b33  _nop                           
20000568  _stream                        
20000000  _sys_memory                    
UNDEFED   _system_post_cinit             
00003591  _system_pre_init               
200005d8  _unlock                        
00003595  abort                          
00001ebd  aligned_alloc                  
00000e07  analogRead                     
00000be5  analogSetup                    
00000c83  analogWrite                    
00002ff1  atoi                           
ffffffff  binit                          
00002d9d  close                          
000034d9  copysign                       
000034d9  copysignl                      
00000b81  delay                          
00000b35  delayMicroseconds              
200005e8  errno                          
0000303d  exit                           
00003361  finddevice                     
00002699  fputc                          
00001fd5  fputs                          
000022f5  free                           
00002c11  frexp                          
00002c11  frexpl                         
00002c75  fseek                          
00003199  getdevice                      
00000000  interruptVectors               
000020e9  ldexp                          
000020e9  ldexpl                         
00003415  lseek                          
00002eff  ltoa                           
00000f25  main                           
00000e1f  make_music                     
00003581  malloc                         
00001ebd  memalign                       
000034bd  memccpy                        
00003465  memchr                         
00002567  memcpy                         
00002839  memset                         
200007b0  parmbuf                        
00002ba9  printf                         
00002699  putc                           
000033c1  remove                         
000020e9  scalbn                         
000020e9  scalbnl                        
000023d9  setvbuf                        
00000e6d  stop_music                     
0000350b  strchr                         
000034f3  strcmp                         
00003521  strcpy                         
00003535  strlen                         
0000328d  strncpy                        
200005e4  ticks                          
000033c1  unlink                         
00003549  wcslen                         
0000343d  write                          


GLOBAL SYMBOLS: SORTED BY Symbol Address 

address   name                           
-------   ----                           
00000000  __TI_static_base__             
00000000  interruptVectors               
000000e5  __TI_printfi                   
00000200  __STACK_SIZE                   
00000400  __SYSMEM_SIZE                  
00000b33  _nop                           
00000b35  delayMicroseconds              
00000b81  delay                          
00000bd1  T32_INT1_IRQHandler            
00000bd1  T32_INT1_IRQHandler            
00000be5  analogSetup                    
00000c83  analogWrite                    
00000d0f  TA0_N_IRQHandler               
00000d0f  TA0_N_IRQHandler               
00000e07  analogRead                     
00000e1f  make_music                     
00000e6d  stop_music                     
00000f25  main                           
000011f9  SystemCoreClockUpdate          
00001471  SystemInit                     
0000196d  __aeabi_dsub                   
00001977  __aeabi_dadd                   
00001b23  __aeabi_idiv0                  
00001b23  __aeabi_ldiv0                  
00001c61  __aeabi_ddiv                   
00001ebd  aligned_alloc                  
00001ebd  memalign                       
00001fd5  fputs                          
000020e9  ldexp                          
000020e9  ldexpl                         
000020e9  scalbn                         
000020e9  scalbnl                        
000021f9  __aeabi_dmul                   
000022f5  free                           
000023d9  setvbuf                        
00002567  __aeabi_memcpy                 
00002567  __aeabi_memcpy4                
00002567  __aeabi_memcpy8                
00002567  memcpy                         
00002603  __aeabi_uldivmod               
00002699  fputc                          
00002699  putc                           
00002725  __aeabi_cdcmpeq                
00002725  __aeabi_cdcmple                
000027ab  __aeabi_cdrcmple               
00002831  __aeabi_memclr                 
00002831  __aeabi_memclr4                
00002831  __aeabi_memclr8                
00002833  __aeabi_memset                 
00002833  __aeabi_memset4                
00002833  __aeabi_memset8                
00002839  memset                         
000028ad  __TI_closefile                 
000029ff  __aeabi_d2f                    
00002a6d  HOSTrename                     
00002ad9  HOSTlseek                      
00002b41  __TI_decompress_lzss           
00002ba9  printf                         
00002c11  frexp                          
00002c11  frexpl                         
00002c75  fseek                          
00002cd9  __TI_wrt_ok                    
00002d3d  HOSTopen                       
00002d9d  close                          
00002df9  HOSTread                       
00002e51  HOSTwrite                      
00002eff  ltoa                           
00002fa5  __TI_doflush                   
00002ff1  atoi                           
0000303d  exit                           
00003085  __aeabi_d2iz                   
000030cd  HOSTclose                      
00003111  HOSTunlink                     
00003155  __TI_auto_init_nobinit_nopinit 
00003199  getdevice                      
0000321d  __TI_writemsg                  
0000324b  C$$IO$$                        
00003255  __aeabi_f2d                    
0000328d  strncpy                        
000032c5  __TI_cleanup                   
000032f9  __TI_readmsg                   
0000332d  _c_int00_noargs                
00003361  finddevice                     
00003391  __aeabi_i2d                    
000033c1  remove                         
000033c1  unlink                         
00003415  lseek                          
0000343d  write                          
00003465  memchr                         
00003485  __TI_zero_init_nomemset        
000034bd  memccpy                        
000034d9  copysign                       
000034d9  copysignl                      
000034f3  strcmp                         
0000350b  strchr                         
00003521  strcpy                         
00003535  strlen                         
00003549  wcslen                         
0000355b  __TI_decompress_none           
00003569  Reset_Handler                  
00003575  ADC14_IRQHandler               
00003575  AES256_IRQHandler              
00003575  BusFault_Handler               
00003575  COMP_E0_IRQHandler             
00003575  COMP_E1_IRQHandler             
00003575  CS_IRQHandler                  
00003575  DMA_ERR_IRQHandler             
00003575  DMA_INT0_IRQHandler            
00003575  DMA_INT1_IRQHandler            
00003575  DMA_INT2_IRQHandler            
00003575  DMA_INT3_IRQHandler            
00003575  DebugMon_Handler               
00003575  Default_Handler                
00003575  EUSCIA0_IRQHandler             
00003575  EUSCIA1_IRQHandler             
00003575  EUSCIA2_IRQHandler             
00003575  EUSCIA3_IRQHandler             
00003575  EUSCIB0_IRQHandler             
00003575  EUSCIB1_IRQHandler             
00003575  EUSCIB2_IRQHandler             
00003575  EUSCIB3_IRQHandler             
00003575  FLCTL_IRQHandler               
00003575  FPU_IRQHandler                 
00003575  HardFault_Handler              
00003575  MemManage_Handler              
00003575  NMI_Handler                    
00003575  PCM_IRQHandler                 
00003575  PORT1_IRQHandler               
00003575  PORT2_IRQHandler               
00003575  PORT3_IRQHandler               
00003575  PORT4_IRQHandler               
00003575  PORT5_IRQHandler               
00003575  PORT6_IRQHandler               
00003575  PSS_IRQHandler                 
00003575  PendSV_Handler                 
00003575  RTC_C_IRQHandler               
00003575  SVC_Handler                    
00003575  SysTick_Handler                
00003575  T32_INT2_IRQHandler            
00003575  T32_INTC_IRQHandler            
00003575  TA0_0_IRQHandler               
00003575  TA1_0_IRQHandler               
00003575  TA1_N_IRQHandler               
00003575  TA2_0_IRQHandler               
00003575  TA2_N_IRQHandler               
00003575  TA3_0_IRQHandler               
00003575  TA3_N_IRQHandler               
00003575  UsageFault_Handler             
00003575  WDT_A_IRQHandler               
00003579  __aeabi_errno_addr             
00003581  malloc                         
00003591  _system_pre_init               
00003595  C$$EXIT                        
00003595  abort                          
00003598  _ctypes_                       
00003710  __TI_Handler_Table_Base        
0000371c  __TI_Handler_Table_Limit       
00003728  __TI_CINIT_Base                
00003738  __TI_CINIT_Limit               
20000000  _sys_memory                    
20000400  _ftable                        
200004f0  _device                        
20000568  _stream                        
200005b8  __TI_ft_end                    
200005bc  __aeabi_stdin                  
200005c0  __aeabi_stdout                 
200005c4  __aeabi_stderr                 
200005c8  __TI_cleanup_ptr               
200005cc  __TI_dtors_ptr                 
200005d0  __TI_enable_exit_profile_output
200005d4  _lock                          
200005d8  _unlock                        
200005e4  ticks                          
200005e8  errno                          
200005ec  SystemCoreClock                
200005f0  __CIOBUF_                      
20000710  __TI_tmpnams                   
200007b0  parmbuf                        
2000fe00  __stack                        
20010000  __STACK_END                    
4000480c  WDTCTL_SYM                     
ffffffff  __TI_pprof_out_hndl            
ffffffff  __TI_prof_data_size            
ffffffff  __TI_prof_data_start           
ffffffff  __binit__                      
ffffffff  __c_args__                     
ffffffff  binit                          
UNDEFED   __mpu_init                     
UNDEFED   _system_post_cinit             

[189 symbols]
