******************************************************************************
                  TI ARM Linker PC v18.12.4                    
******************************************************************************
>> Linked Sun Aug 23 11:06:03 2020

OUTPUT FILE NAME:   <TempCheck.out>
ENTRY POINT SYMBOL: "_c_int00_noargs"  address: 00003235


MEMORY CONFIGURATION

         name            origin    length      used     unused   attr    fill
----------------------  --------  ---------  --------  --------  ----  --------
  MAIN                  00000000   00040000  00003639  0003c9c7  R  X
  INFO                  00200000   00004000  00000000  00004000  R  X
  SRAM_CODE             01000000   00010000  000009b8  0000f648  RW X
  SRAM_DATA             20000000   00010000  000009b8  0000f648  RW  


SEGMENT ALLOCATION MAP

run origin  load origin   length   init length attrs members
----------  ----------- ---------- ----------- ----- -------
00000000    00000000    00003640   00003640    r-x
  00000000    00000000    000000e4   000000e4    r-- .intvecs
  000000e4    000000e4    000033bc   000033bc    r-x .text
  000034a0    000034a0    00000101   00000101    r-- .const
  000035a8    000035a8    00000098   00000098    r-- .cinit
20000000    20000000    000007b8   00000000    rw-
  20000000    20000000    00000400   00000000    rw- .sysmem
  20000400    20000400    000001f0   00000000    rw- .data
  200005f0    200005f0    000001c8   00000000    rw- .bss
2000fe00    2000fe00    00000200   00000000    rw-
  2000fe00    2000fe00    00000200   00000000    rw- .stack


SECTION ALLOCATION MAP

 output                                  attributes/
section   page    origin      length       input sections
--------  ----  ----------  ----------   ----------------
.intvecs   0    00000000    000000e4     
                  00000000    000000e4     startup_msp432p401r_ccs.obj (.intvecs:retain)

.text      0    000000e4    000033bc     
                  000000e4    00000a4e     rtsv7M4_T_le_v4SPD16_eabi.lib : _printfi.c.obj (.text:__TI_printfi)
                  00000b32    00000002                                   : _lock.c.obj (.text:_nop)
                  00000b34    000005cc     main.obj (.text)
                  00001100    00000334     system_msp432p401r.obj (.text)
                  00001434    00000270     rtsv7M4_T_le_v4SPD16_eabi.lib : _printfi.c.obj (.text:_pconv_a)
                  000016a4    000001d0                                   : _printfi.c.obj (.text:_pconv_g)
                  00001874    000001b6                                   : fd_add_t2.asm.obj (.text)
                  00001a2a    00000002                                   : div0.asm.obj (.text)
                  00001a2c    0000013c                                   : _printfi.c.obj (.text:_pconv_e)
                  00001b68    00000136                                   : fd_div_t2.asm.obj (.text)
                  00001c9e    00000002     --HOLE-- [fill = 0]
                  00001ca0    00000124                                   : _printfi.c.obj (.text:fcvt)
                  00001dc4    00000118                                   : memory.c.obj (.text:aligned_alloc)
                  00001edc    00000114                                   : fputs.c.obj (.text:fputs)
                  00001ff0    00000110                                   : s_scalbn.c.obj (.text:scalbn)
                  00002100    000000fc                                   : fd_mul_t2.asm.obj (.text)
                  000021fc    000000e4                                   : memory.c.obj (.text:free)
                  000022e0    000000dc                                   : setvbuf.c.obj (.text:setvbuf)
                  000023bc    000000b1                                   : _printfi.c.obj (.text:_ltostr)
                  0000246d    00000001     --HOLE-- [fill = 0]
                  0000246e    0000009c                                   : memcpy_t2.asm.obj (.text)
                  0000250a    00000096                                   : ull_div_t2.asm.obj (.text)
                  000025a0    0000008c                                   : fputc.c.obj (.text:fputc)
                  0000262c    00000086                                   : fd_cmp_t2.asm.obj (.text:__aeabi_cdcmple)
                  000026b2    00000086                                   : fd_cmp_t2.asm.obj (.text:__aeabi_cdrcmple)
                  00002738    0000007a                                   : memset_t2.asm.obj (.text)
                  000027b2    00000002     --HOLE-- [fill = 0]
                  000027b4    00000074                                   : fclose.c.obj (.text:__TI_closefile)
                  00002828    00000070                                   : memory.c.obj (.text:split)
                  00002898    0000006e                                   : _printfi.c.obj (.text:_mcpy)
                  00002906    0000006e                                   : fd_tos_t2.asm.obj (.text)
                  00002974    0000006c                                   : hostrename.c.obj (.text:HOSTrename)
                  000029e0    00000068                                   : hostlseek.c.obj (.text:HOSTlseek)
                  00002a48    00000068                                   : copy_decompress_lzss.c.obj (.text:decompress:lzss:__TI_decompress_lzss)
                  00002ab0    00000068                                   : printf.c.obj (.text:printf)
                  00002b18    00000064                                   : s_frexp.c.obj (.text:frexp)
                  00002b7c    00000064                                   : fseek.c.obj (.text:fseek)
                  00002be0    00000062                                   : _io_perm.c.obj (.text:__TI_wrt_ok)
                  00002c42    00000002     --HOLE-- [fill = 0]
                  00002c44    00000060                                   : hostopen.c.obj (.text:HOSTopen)
                  00002ca4    0000005c                                   : close.c.obj (.text:close)
                  00002d00    00000058                                   : hostread.c.obj (.text:HOSTread)
                  00002d58    00000058                                   : hostwrite.c.obj (.text:HOSTwrite)
                  00002db0    00000056                                   : _printfi.c.obj (.text:_pconv_f)
                  00002e06    00000054                                   : ltoa.c.obj (.text:ltoa)
                  00002e5a    00000052                                   : _printfi.c.obj (.text:_ecpy)
                  00002eac    0000004c                                   : fflush.c.obj (.text:__TI_doflush)
                  00002ef8    0000004c                                   : atoi.c.obj (.text:atoi)
                  00002f44    00000048                                   : exit.c.obj (.text:exit)
                  00002f8c    00000048                                   : fd_toi_t2.asm.obj (.text)
                  00002fd4    00000044                                   : hostclose.c.obj (.text:HOSTclose)
                  00003018    00000044                                   : hostunlink.c.obj (.text:HOSTunlink)
                  0000305c    00000044                                   : autoinit.c.obj (.text:__TI_auto_init_nobinit_nopinit:__TI_auto_init_nobinit_nopinit)
                  000030a0    00000044                                   : getdevice.c.obj (.text:getdevice)
                  000030e4    0000003e                                   : _printfi.c.obj (.text:_fcpy)
                  00003122    00000002     --HOLE-- [fill = 0]
                  00003124    00000038                                   : trgmsg.c.obj (.text:__TI_writemsg)
                  0000315c    00000038                                   : fs_tod_t2.asm.obj (.text)
                  00003194    00000036                                   : strncpy.c.obj (.text:strncpy)
                  000031ca    00000002     --HOLE-- [fill = 0]
                  000031cc    00000034                                   : fopen.c.obj (.text:__TI_cleanup)
                  00003200    00000034                                   : trgmsg.c.obj (.text:__TI_readmsg)
                  00003234    00000034                                   : boot_cortex_m.c.obj (.text:_c_int00_noargs:_c_int00_noargs)
                  00003268    00000030                                   : getdevice.c.obj (.text:finddevice)
                  00003298    0000002e                                   : i_tofd_t2.asm.obj (.text)
                  000032c6    00000002     --HOLE-- [fill = 0]
                  000032c8    0000002c                                   : unlink.c.obj (.text:unlink)
                  000032f4    00000028                                   : memory.c.obj (.text:free_list_insert)
                  0000331c    00000028                                   : lseek.c.obj (.text:lseek)
                  00003344    00000028                                   : write.c.obj (.text:write)
                  0000336c    00000020                                   : memchr.c.obj (.text:memchr)
                  0000338c    0000001c                                   : copy_zero_init.c.obj (.text:decompress:ZI:__TI_zero_init_nomemset:__TI_zero_init_nomemset)
                  000033a8    0000001c                                   : memory.c.obj (.text:free_list_remove)
                  000033c4    0000001c                                   : memccpy.c.obj (.text:memccpy)
                  000033e0    0000001a                                   : s_copysign.c.obj (.text:copysign)
                  000033fa    00000018                                   : strcmp.c.obj (.text:strcmp)
                  00003412    00000016                                   : strchr.c.obj (.text:strchr)
                  00003428    00000014                                   : strcpy.c.obj (.text:strcpy)
                  0000343c    00000014                                   : strlen.c.obj (.text:strlen)
                  00003450    00000012                                   : wcslen.c.obj (.text:wcslen)
                  00003462    0000000e                                   : copy_decompress_none.c.obj (.text:decompress:none:__TI_decompress_none)
                  00003470    0000000e     startup_msp432p401r_ccs.obj (.text)
                  0000347e    00000002     --HOLE-- [fill = 0]
                  00003480    00000008     rtsv7M4_T_le_v4SPD16_eabi.lib : errno.c.obj (.text:__aeabi_errno_addr)
                  00003488    00000008                                   : memory.c.obj (.text:malloc)
                  00003490    00000004                                   : printf.c.obj (.text:_outc)
                  00003494    00000004                                   : printf.c.obj (.text:_outs)
                  00003498    00000004                                   : pre_init.c.obj (.text:_system_pre_init)
                  0000349c    00000004                                   : exit.c.obj (.text:abort:abort)

.const     0    000034a0    00000101     
                  000034a0    00000101     rtsv7M4_T_le_v4SPD16_eabi.lib : ctype.c.obj (.const:.string:_ctypes_)

.cinit     0    000035a8    00000098     
                  000035a8    0000006d     (.cinit..data.load) [load image, compression = lzss]
                  00003615    00000003     --HOLE-- [fill = 0]
                  00003618    0000000c     (__TI_handler_table)
                  00003624    00000004     --HOLE-- [fill = 0]
                  00003628    00000008     (.cinit..bss.load) [load image, compression = zero_init]
                  00003630    00000010     (__TI_cinit_table)

.init_array 
*          0    00000000    00000000     UNINITIALIZED

.binit     0    00000000    00000000     

.sysmem    0    20000000    00000400     UNINITIALIZED
                  20000000    00000010     rtsv7M4_T_le_v4SPD16_eabi.lib : memory.c.obj (.sysmem)
                  20000010    000003f0     --HOLE--

.data      0    20000400    000001f0     UNINITIALIZED
                  20000400    000000f0     rtsv7M4_T_le_v4SPD16_eabi.lib : defs.c.obj (.data:_ftable)
                  200004f0    00000078                                   : host_device.c.obj (.data:_device)
                  20000568    00000050                                   : host_device.c.obj (.data:_stream)
                  200005b8    00000010                                   : defs.c.obj (.data)
                  200005c8    0000000c                                   : exit.c.obj (.data:$O1$$)
                  200005d4    00000008                                   : _lock.c.obj (.data:$O1$$)
                  200005dc    00000008                                   : memory.c.obj (.data:$O1$$)
                  200005e4    00000004     main.obj (.data)
                  200005e8    00000004     rtsv7M4_T_le_v4SPD16_eabi.lib : errno.c.obj (.data)
                  200005ec    00000004     system_msp432p401r.obj (.data)

.bss       0    200005f0    000001c8     UNINITIALIZED
                  200005f0    00000120     rtsv7M4_T_le_v4SPD16_eabi.lib : trgmsg.c.obj (.bss:_CIOBUF_)
                  20000710    000000a0     (.common:__TI_tmpnams)
                  200007b0    00000008     (.common:parmbuf)

.stack     0    2000fe00    00000200     UNINITIALIZED
                  2000fe00    00000004     rtsv7M4_T_le_v4SPD16_eabi.lib : boot_cortex_m.c.obj (.stack)
                  2000fe04    000001fc     --HOLE--

MODULE SUMMARY

       Module                        code    ro data   rw data
       ------                        ----    -------   -------
    .\
       main.obj                      1484    0         8      
       system_msp432p401r.obj        820     0         8      
       startup_msp432p401r_ccs.obj   14      228       0      
    +--+-----------------------------+-------+---------+---------+
       Total:                        2318    228       16     
                                                              
    C:\ti\ccs920\ccs\tools\compiler\ti-cgt-arm_18.12.4.LTS\lib\rtsv7M4_T_le_v4SPD16_eabi.lib
       _printfi.c.obj                4851    0         0      
       defs.c.obj                    0       0         832    
       memory.c.obj                  696     0         16     
       trgmsg.c.obj                  108     0         576    
       fd_add_t2.asm.obj             438     0         0      
       host_device.c.obj             0       0         400    
       fd_div_t2.asm.obj             310     0         0      
       fputs.c.obj                   276     0         0      
       s_scalbn.c.obj                272     0         0      
       fd_cmp_t2.asm.obj             268     0         0      
       ctype.c.obj                   0       257       0      
       fd_mul_t2.asm.obj             252     0         0      
       setvbuf.c.obj                 220     0         0      
       memcpy_t2.asm.obj             156     0         0      
       ull_div_t2.asm.obj            150     0         0      
       fputc.c.obj                   140     0         0      
       memset_t2.asm.obj             122     0         0      
       fclose.c.obj                  116     0         0      
       getdevice.c.obj               116     0         0      
       hostopen.c.obj                96      0         16     
       printf.c.obj                  112     0         0      
       fd_tos_t2.asm.obj             110     0         0      
       hostrename.c.obj              108     0         0      
       copy_decompress_lzss.c.obj    104     0         0      
       hostlseek.c.obj               104     0         0      
       exit.c.obj                    76      0         24     
       fseek.c.obj                   100     0         0      
       s_frexp.c.obj                 100     0         0      
       _io_perm.c.obj                98      0         0      
       close.c.obj                   92      0         0      
       hostread.c.obj                88      0         0      
       hostwrite.c.obj               88      0         0      
       ltoa.c.obj                    84      0         0      
       atoi.c.obj                    76      0         0      
       fflush.c.obj                  76      0         0      
       fd_toi_t2.asm.obj             72      0         0      
       autoinit.c.obj                68      0         0      
       hostclose.c.obj               68      0         0      
       hostunlink.c.obj              68      0         0      
       fs_tod_t2.asm.obj             56      0         0      
       strncpy.c.obj                 54      0         0      
       boot_cortex_m.c.obj           52      0         0      
       fopen.c.obj                   52      0         0      
       i_tofd_t2.asm.obj             46      0         0      
       unlink.c.obj                  44      0         0      
       lseek.c.obj                   40      0         0      
       write.c.obj                   40      0         0      
       memchr.c.obj                  32      0         0      
       copy_zero_init.c.obj          28      0         0      
       memccpy.c.obj                 28      0         0      
       s_copysign.c.obj              26      0         0      
       strcmp.c.obj                  24      0         0      
       strchr.c.obj                  22      0         0      
       strcpy.c.obj                  20      0         0      
       strlen.c.obj                  20      0         0      
       _lock.c.obj                   2       0         16     
       wcslen.c.obj                  18      0         0      
       errno.c.obj                   8       0         8      
       copy_decompress_none.c.obj    14      0         0      
       pre_init.c.obj                4       0         0      
       div0.asm.obj                  2       0         0      
    +--+-----------------------------+-------+---------+---------+
       Total:                        10911   257       1888   
                                                              
       Heap:                         0       0         2048   
       Stack:                        0       0         1024   
       Linker Generated:             0       145       0      
    +--+-----------------------------+-------+---------+---------+
       Grand Total:                  13229   630       4976   


LINKER GENERATED COPY TABLES

__TI_cinit_table @ 00003630 records: 2, size/record: 8, table size: 16
	.data: load addr=000035a8, load size=0000006d bytes, run addr=20000400, run size=000001f0 bytes, compression=lzss
	.bss: load addr=00003628, load size=00000008 bytes, run addr=200005f0, run size=000001c8 bytes, compression=zero_init


LINKER GENERATED HANDLER TABLE

__TI_handler_table @ 00003618 records: 3, size/record: 4, table size: 12
	index: 0, handler: __TI_decompress_lzss
	index: 1, handler: __TI_decompress_none
	index: 2, handler: __TI_zero_init


GLOBAL SYMBOLS: SORTED ALPHABETICALLY BY Name 

address   name                           
-------   ----                           
0000347d  ADC14_IRQHandler               
0000347d  AES256_IRQHandler              
0000347d  BusFault_Handler               
0000349d  C$$EXIT                        
00003153  C$$IO$$                        
0000347d  COMP_E0_IRQHandler             
0000347d  COMP_E1_IRQHandler             
0000347d  CS_IRQHandler                  
0000347d  DMA_ERR_IRQHandler             
0000347d  DMA_INT0_IRQHandler            
0000347d  DMA_INT1_IRQHandler            
0000347d  DMA_INT2_IRQHandler            
0000347d  DMA_INT3_IRQHandler            
0000347d  DebugMon_Handler               
0000347d  Default_Handler                
0000347d  EUSCIA0_IRQHandler             
0000347d  EUSCIA1_IRQHandler             
0000347d  EUSCIA2_IRQHandler             
0000347d  EUSCIA3_IRQHandler             
0000347d  EUSCIB0_IRQHandler             
0000347d  EUSCIB1_IRQHandler             
0000347d  EUSCIB2_IRQHandler             
0000347d  EUSCIB3_IRQHandler             
0000347d  FLCTL_IRQHandler               
0000347d  FPU_IRQHandler                 
00002fd5  HOSTclose                      
000029e1  HOSTlseek                      
00002c45  HOSTopen                       
00002d01  HOSTread                       
00002975  HOSTrename                     
00003019  HOSTunlink                     
00002d59  HOSTwrite                      
0000347d  HardFault_Handler              
0000347d  MemManage_Handler              
0000347d  NMI_Handler                    
0000347d  PCM_IRQHandler                 
0000347d  PORT1_IRQHandler               
0000347d  PORT2_IRQHandler               
0000347d  PORT3_IRQHandler               
0000347d  PORT4_IRQHandler               
0000347d  PORT5_IRQHandler               
0000347d  PORT6_IRQHandler               
0000347d  PSS_IRQHandler                 
0000347d  PendSV_Handler                 
0000347d  RTC_C_IRQHandler               
00003471  Reset_Handler                  
0000347d  SVC_Handler                    
0000347d  SysTick_Handler                
200005ec  SystemCoreClock                
00001101  SystemCoreClockUpdate          
00001379  SystemInit                     
00000bd1  T32_INT1_IRQHandler            
00000bd1  T32_INT1_IRQHandler            
0000347d  T32_INT2_IRQHandler            
0000347d  T32_INTC_IRQHandler            
0000347d  TA0_0_IRQHandler               
00000d0f  TA0_N_IRQHandler               
00000d0f  TA0_N_IRQHandler               
0000347d  TA1_0_IRQHandler               
0000347d  TA1_N_IRQHandler               
0000347d  TA2_0_IRQHandler               
0000347d  TA2_N_IRQHandler               
0000347d  TA3_0_IRQHandler               
0000347d  TA3_N_IRQHandler               
0000347d  UsageFault_Handler             
4000480c  WDTCTL_SYM                     
0000347d  WDT_A_IRQHandler               
200005f0  __CIOBUF_                      
20010000  __STACK_END                    
00000200  __STACK_SIZE                   
00000400  __SYSMEM_SIZE                  
00003630  __TI_CINIT_Base                
00003640  __TI_CINIT_Limit               
00003618  __TI_Handler_Table_Base        
00003624  __TI_Handler_Table_Limit       
0000305d  __TI_auto_init_nobinit_nopinit 
000031cd  __TI_cleanup                   
200005c8  __TI_cleanup_ptr               
000027b5  __TI_closefile                 
00002a49  __TI_decompress_lzss           
00003463  __TI_decompress_none           
00002ead  __TI_doflush                   
200005cc  __TI_dtors_ptr                 
200005d0  __TI_enable_exit_profile_output
200005b8  __TI_ft_end                    
ffffffff  __TI_pprof_out_hndl            
000000e5  __TI_printfi                   
ffffffff  __TI_prof_data_size            
ffffffff  __TI_prof_data_start           
00003201  __TI_readmsg                   
00000000  __TI_static_base__             
20000710  __TI_tmpnams                   
00003125  __TI_writemsg                  
00002be1  __TI_wrt_ok                    
0000338d  __TI_zero_init_nomemset        
0000262d  __aeabi_cdcmpeq                
0000262d  __aeabi_cdcmple                
000026b3  __aeabi_cdrcmple               
00002907  __aeabi_d2f                    
00002f8d  __aeabi_d2iz                   
0000187f  __aeabi_dadd                   
00001b69  __aeabi_ddiv                   
00002101  __aeabi_dmul                   
00001875  __aeabi_dsub                   
00003481  __aeabi_errno_addr             
0000315d  __aeabi_f2d                    
00003299  __aeabi_i2d                    
00001a2b  __aeabi_idiv0                  
00001a2b  __aeabi_ldiv0                  
00002739  __aeabi_memclr                 
00002739  __aeabi_memclr4                
00002739  __aeabi_memclr8                
0000246f  __aeabi_memcpy                 
0000246f  __aeabi_memcpy4                
0000246f  __aeabi_memcpy8                
0000273b  __aeabi_memset                 
0000273b  __aeabi_memset4                
0000273b  __aeabi_memset8                
200005c4  __aeabi_stderr                 
200005bc  __aeabi_stdin                  
200005c0  __aeabi_stdout                 
0000250b  __aeabi_uldivmod               
ffffffff  __binit__                      
ffffffff  __c_args__                     
UNDEFED   __mpu_init                     
2000fe00  __stack                        
00003235  _c_int00_noargs                
000034a0  _ctypes_                       
200004f0  _device                        
20000400  _ftable                        
200005d4  _lock                          
00000b33  _nop                           
20000568  _stream                        
20000000  _sys_memory                    
UNDEFED   _system_post_cinit             
00003499  _system_pre_init               
200005d8  _unlock                        
0000349d  abort                          
00001dc5  aligned_alloc                  
00000e07  analogRead                     
00000be5  analogSetup                    
00000c83  analogWrite                    
00002ef9  atoi                           
ffffffff  binit                          
00002ca5  close                          
000033e1  copysign                       
000033e1  copysignl                      
00000b81  delay                          
00000b35  delayMicroseconds              
200005e8  errno                          
00002f45  exit                           
00003269  finddevice                     
000025a1  fputc                          
00001edd  fputs                          
000021fd  free                           
00002b19  frexp                          
00002b19  frexpl                         
00002b7d  fseek                          
000030a1  getdevice                      
00000000  interruptVectors               
00001ff1  ldexp                          
00001ff1  ldexpl                         
0000331d  lseek                          
00002e07  ltoa                           
00000e9d  main                           
00003489  malloc                         
00001dc5  memalign                       
000033c5  memccpy                        
0000336d  memchr                         
0000246f  memcpy                         
00002741  memset                         
200007b0  parmbuf                        
00002ab1  printf                         
000025a1  putc                           
000032c9  remove                         
00001ff1  scalbn                         
00001ff1  scalbnl                        
000022e1  setvbuf                        
00003413  strchr                         
000033fb  strcmp                         
00003429  strcpy                         
0000343d  strlen                         
00003195  strncpy                        
200005e4  ticks                          
000032c9  unlink                         
00003451  wcslen                         
00003345  write                          


GLOBAL SYMBOLS: SORTED BY Symbol Address 

address   name                           
-------   ----                           
00000000  __TI_static_base__             
00000000  interruptVectors               
000000e5  __TI_printfi                   
00000200  __STACK_SIZE                   
00000400  __SYSMEM_SIZE                  
00000b33  _nop                           
00000b35  delayMicroseconds              
00000b81  delay                          
00000bd1  T32_INT1_IRQHandler            
00000bd1  T32_INT1_IRQHandler            
00000be5  analogSetup                    
00000c83  analogWrite                    
00000d0f  TA0_N_IRQHandler               
00000d0f  TA0_N_IRQHandler               
00000e07  analogRead                     
00000e9d  main                           
00001101  SystemCoreClockUpdate          
00001379  SystemInit                     
00001875  __aeabi_dsub                   
0000187f  __aeabi_dadd                   
00001a2b  __aeabi_idiv0                  
00001a2b  __aeabi_ldiv0                  
00001b69  __aeabi_ddiv                   
00001dc5  aligned_alloc                  
00001dc5  memalign                       
00001edd  fputs                          
00001ff1  ldexp                          
00001ff1  ldexpl                         
00001ff1  scalbn                         
00001ff1  scalbnl                        
00002101  __aeabi_dmul                   
000021fd  free                           
000022e1  setvbuf                        
0000246f  __aeabi_memcpy                 
0000246f  __aeabi_memcpy4                
0000246f  __aeabi_memcpy8                
0000246f  memcpy                         
0000250b  __aeabi_uldivmod               
000025a1  fputc                          
000025a1  putc                           
0000262d  __aeabi_cdcmpeq                
0000262d  __aeabi_cdcmple                
000026b3  __aeabi_cdrcmple               
00002739  __aeabi_memclr                 
00002739  __aeabi_memclr4                
00002739  __aeabi_memclr8                
0000273b  __aeabi_memset                 
0000273b  __aeabi_memset4                
0000273b  __aeabi_memset8                
00002741  memset                         
000027b5  __TI_closefile                 
00002907  __aeabi_d2f                    
00002975  HOSTrename                     
000029e1  HOSTlseek                      
00002a49  __TI_decompress_lzss           
00002ab1  printf                         
00002b19  frexp                          
00002b19  frexpl                         
00002b7d  fseek                          
00002be1  __TI_wrt_ok                    
00002c45  HOSTopen                       
00002ca5  close                          
00002d01  HOSTread                       
00002d59  HOSTwrite                      
00002e07  ltoa                           
00002ead  __TI_doflush                   
00002ef9  atoi                           
00002f45  exit                           
00002f8d  __aeabi_d2iz                   
00002fd5  HOSTclose                      
00003019  HOSTunlink                     
0000305d  __TI_auto_init_nobinit_nopinit 
000030a1  getdevice                      
00003125  __TI_writemsg                  
00003153  C$$IO$$                        
0000315d  __aeabi_f2d                    
00003195  strncpy                        
000031cd  __TI_cleanup                   
00003201  __TI_readmsg                   
00003235  _c_int00_noargs                
00003269  finddevice                     
00003299  __aeabi_i2d                    
000032c9  remove                         
000032c9  unlink                         
0000331d  lseek                          
00003345  write                          
0000336d  memchr                         
0000338d  __TI_zero_init_nomemset        
000033c5  memccpy                        
000033e1  copysign                       
000033e1  copysignl                      
000033fb  strcmp                         
00003413  strchr                         
00003429  strcpy                         
0000343d  strlen                         
00003451  wcslen                         
00003463  __TI_decompress_none           
00003471  Reset_Handler                  
0000347d  ADC14_IRQHandler               
0000347d  AES256_IRQHandler              
0000347d  BusFault_Handler               
0000347d  COMP_E0_IRQHandler             
0000347d  COMP_E1_IRQHandler             
0000347d  CS_IRQHandler                  
0000347d  DMA_ERR_IRQHandler             
0000347d  DMA_INT0_IRQHandler            
0000347d  DMA_INT1_IRQHandler            
0000347d  DMA_INT2_IRQHandler            
0000347d  DMA_INT3_IRQHandler            
0000347d  DebugMon_Handler               
0000347d  Default_Handler                
0000347d  EUSCIA0_IRQHandler             
0000347d  EUSCIA1_IRQHandler             
0000347d  EUSCIA2_IRQHandler             
0000347d  EUSCIA3_IRQHandler             
0000347d  EUSCIB0_IRQHandler             
0000347d  EUSCIB1_IRQHandler             
0000347d  EUSCIB2_IRQHandler             
0000347d  EUSCIB3_IRQHandler             
0000347d  FLCTL_IRQHandler               
0000347d  FPU_IRQHandler                 
0000347d  HardFault_Handler              
0000347d  MemManage_Handler              
0000347d  NMI_Handler                    
0000347d  PCM_IRQHandler                 
0000347d  PORT1_IRQHandler               
0000347d  PORT2_IRQHandler               
0000347d  PORT3_IRQHandler               
0000347d  PORT4_IRQHandler               
0000347d  PORT5_IRQHandler               
0000347d  PORT6_IRQHandler               
0000347d  PSS_IRQHandler                 
0000347d  PendSV_Handler                 
0000347d  RTC_C_IRQHandler               
0000347d  SVC_Handler                    
0000347d  SysTick_Handler                
0000347d  T32_INT2_IRQHandler            
0000347d  T32_INTC_IRQHandler            
0000347d  TA0_0_IRQHandler               
0000347d  TA1_0_IRQHandler               
0000347d  TA1_N_IRQHandler               
0000347d  TA2_0_IRQHandler               
0000347d  TA2_N_IRQHandler               
0000347d  TA3_0_IRQHandler               
0000347d  TA3_N_IRQHandler               
0000347d  UsageFault_Handler             
0000347d  WDT_A_IRQHandler               
00003481  __aeabi_errno_addr             
00003489  malloc                         
00003499  _system_pre_init               
0000349d  C$$EXIT                        
0000349d  abort                          
000034a0  _ctypes_                       
00003618  __TI_Handler_Table_Base        
00003624  __TI_Handler_Table_Limit       
00003630  __TI_CINIT_Base                
00003640  __TI_CINIT_Limit               
20000000  _sys_memory                    
20000400  _ftable                        
200004f0  _device                        
20000568  _stream                        
200005b8  __TI_ft_end                    
200005bc  __aeabi_stdin                  
200005c0  __aeabi_stdout                 
200005c4  __aeabi_stderr                 
200005c8  __TI_cleanup_ptr               
200005cc  __TI_dtors_ptr                 
200005d0  __TI_enable_exit_profile_output
200005d4  _lock                          
200005d8  _unlock                        
200005e4  ticks                          
200005e8  errno                          
200005ec  SystemCoreClock                
200005f0  __CIOBUF_                      
20000710  __TI_tmpnams                   
200007b0  parmbuf                        
2000fe00  __stack                        
20010000  __STACK_END                    
4000480c  WDTCTL_SYM                     
ffffffff  __TI_pprof_out_hndl            
ffffffff  __TI_prof_data_size            
ffffffff  __TI_prof_data_start           
ffffffff  __binit__                      
ffffffff  __c_args__                     
ffffffff  binit                          
UNDEFED   __mpu_init                     
UNDEFED   _system_post_cinit             

[187 symbols]
